Archive member included to satisfy reference by file (symbol)

.\CortexM3\ARM_GCC_541\Debug\Design01.a(UART.o)
                              .\CortexM3\ARM_GCC_541\Debug\main.o (UART_Start)
.\CortexM3\ARM_GCC_541\Debug\Design01.a(LCD.o)
                              .\CortexM3\ARM_GCC_541\Debug\main.o (LCD_PrintString)
.\CortexM3\ARM_GCC_541\Debug\Design01.a(IRQRX.o)
                              .\CortexM3\ARM_GCC_541\Debug\main.o (IRQRX_StartEx)
.\CortexM3\ARM_GCC_541\Debug\Design01.a(I2C.o)
                              .\CortexM3\ARM_GCC_541\Debug\main.o (I2C_Start)
.\CortexM3\ARM_GCC_541\Debug\Design01.a(I2C_INT.o)
                              .\CortexM3\ARM_GCC_541\Debug\Design01.a(I2C.o) (I2C_ISR)
.\CortexM3\ARM_GCC_541\Debug\Design01.a(I2C_PM.o)
                              .\CortexM3\ARM_GCC_541\Debug\Design01.a(I2C.o) (I2C_backup)
.\CortexM3\ARM_GCC_541\Debug\Design01.a(I2C_MASTER.o)
                              .\CortexM3\ARM_GCC_541\Debug\Design01.a(I2C.o) (I2C_mstrStatus)
.\CortexM3\ARM_GCC_541\Debug\Design01.a(PWM.o)
                              .\CortexM3\ARM_GCC_541\Debug\main.o (PWM_WriteCompare1)
.\CortexM3\ARM_GCC_541\Debug\Design01.a(PINA.o)
                              .\CortexM3\ARM_GCC_541\Debug\main.o (PINA_Write)
.\CortexM3\ARM_GCC_541\Debug\Design01.a(PINB.o)
                              .\CortexM3\ARM_GCC_541\Debug\main.o (PINB_Write)
.\CortexM3\ARM_GCC_541\Debug\Design01.a(PINC.o)
                              .\CortexM3\ARM_GCC_541\Debug\main.o (PINC_Write)
.\CortexM3\ARM_GCC_541\Debug\Design01.a(PIND.o)
                              .\CortexM3\ARM_GCC_541\Debug\main.o (PIND_Write)
.\CortexM3\ARM_GCC_541\Debug\Design01.a(EEPROM.o)
                              .\CortexM3\ARM_GCC_541\Debug\main.o (EEPROM_Start)
.\CortexM3\ARM_GCC_541\Debug\Design01.a(ADC.o)
                              .\CortexM3\ARM_GCC_541\Debug\main.o (ADC_Start)
.\CortexM3\ARM_GCC_541\Debug\Design01.a(ADC_INT.o)
                              .\CortexM3\ARM_GCC_541\Debug\Design01.a(ADC.o) (ADC_ISR)
.\CortexM3\ARM_GCC_541\Debug\Design01.a(PINMOV.o)
                              .\CortexM3\ARM_GCC_541\Debug\main.o (PINMOV_ClearInterrupt)
.\CortexM3\ARM_GCC_541\Debug\Design01.a(UART_IntClock.o)
                              .\CortexM3\ARM_GCC_541\Debug\Design01.a(UART.o) (UART_IntClock_Start)
.\CortexM3\ARM_GCC_541\Debug\Design01.a(ADC_theACLK.o)
                              .\CortexM3\ARM_GCC_541\Debug\Design01.a(ADC.o) (ADC_theACLK_SetModeRegister)
.\CortexM3\ARM_GCC_541\Debug\Design01.a(CyFlash.o)
                              .\CortexM3\ARM_GCC_541\Debug\Design01.a(EEPROM.o) (dieTemperature)
.\CortexM3\ARM_GCC_541\Debug\Design01.a(CyLib.o)
                              .\CortexM3\ARM_GCC_541\Debug\Cm3Start.o (CyHalt)
.\CortexM3\ARM_GCC_541\Debug\Design01.a(cyPm.o)
                              .\CortexM3\ARM_GCC_541\Debug\Design01.a(CyLib.o) (CyPmReadStatus)
.\CortexM3\ARM_GCC_541\Debug\Design01.a(CySpc.o)
                              .\CortexM3\ARM_GCC_541\Debug\Design01.a(EEPROM.o) (CySpcStart)
.\CortexM3\ARM_GCC_541\Debug\Design01.a(Pin_A.o)
                              .\CortexM3\ARM_GCC_541\Debug\main.o (Pin_A_Read)
.\CortexM3\ARM_GCC_541\Debug\Design01.a(ISR_A.o)
                              .\CortexM3\ARM_GCC_541\Debug\main.o (ISR_A_StartEx)
.\CortexM3\ARM_GCC_541\Debug\Design01.a(CyBootAsmGnu.o)
                              .\CortexM3\ARM_GCC_541\Debug\cyfitter_cfg.o (CyDelayCycles)
c:/program files (x86)/cypress/psoc creator/4.2/psoc creator/import/gnu/arm/5.4.1/bin/../lib/gcc/arm-none-eabi/5.4.1/armv7-m\libgcc.a(_arm_addsubsf3.o)
                              .\CortexM3\ARM_GCC_541\Debug\Design01.a(ADC.o) (__aeabi_i2f)
c:/program files (x86)/cypress/psoc creator/4.2/psoc creator/import/gnu/arm/5.4.1/bin/../lib/gcc/arm-none-eabi/5.4.1/armv7-m\libgcc.a(_arm_muldivsf3.o)
                              .\CortexM3\ARM_GCC_541\Debug\Design01.a(ADC.o) (__aeabi_fmul)
c:/program files (x86)/cypress/psoc creator/4.2/psoc creator/import/gnu/arm/5.4.1/bin/../lib/gcc/arm-none-eabi/5.4.1/armv7-m\libgcc.a(_aeabi_ldivmod.o)
                              .\CortexM3\ARM_GCC_541\Debug\Design01.a(ADC.o) (__aeabi_ldivmod)
c:/program files (x86)/cypress/psoc creator/4.2/psoc creator/import/gnu/arm/5.4.1/bin/../lib/gcc/arm-none-eabi/5.4.1/armv7-m\libgcc.a(_udivmoddi4.o)
                              c:/program files (x86)/cypress/psoc creator/4.2/psoc creator/import/gnu/arm/5.4.1/bin/../lib/gcc/arm-none-eabi/5.4.1/armv7-m\libgcc.a(_aeabi_ldivmod.o) (__udivmoddi4)
c:/program files (x86)/cypress/psoc creator/4.2/psoc creator/import/gnu/arm/5.4.1/bin/../lib/gcc/arm-none-eabi/5.4.1/armv7-m\libgcc.a(_dvmd_tls.o)
                              c:/program files (x86)/cypress/psoc creator/4.2/psoc creator/import/gnu/arm/5.4.1/bin/../lib/gcc/arm-none-eabi/5.4.1/armv7-m\libgcc.a(_aeabi_ldivmod.o) (__aeabi_ldiv0)
[...]
Memory Configuration

Name             Origin             Length             Attributes
rom              0x00000000         0x00040000         xr
ram              0x1fff8000         0x00010000         xrw
*default*        0x00000000         0xffffffff

Linker script and memory map

LOAD c:/program files (x86)/cypress/psoc creator/4.2/psoc creator/import/gnu/arm/5.4.1/bin/../lib/gcc/arm-none-eabi/5.4.1/armv7-m/crti.o
LOAD c:/program files (x86)/cypress/psoc creator/4.2/psoc creator/import/gnu/arm/5.4.1/bin/../lib/gcc/arm-none-eabi/5.4.1/armv7-m/crtbegin.o
LOAD c:/program files (x86)/cypress/psoc creator/4.2/psoc creator/import/gnu/arm/5.4.1/bin/../lib/gcc/arm-none-eabi/5.4.1/../../../../arm-none-eabi/lib/armv7-m/crt0.o
START GROUP
LOAD .\CortexM3\ARM_GCC_541\Debug\main.o
LOAD .\CortexM3\ARM_GCC_541\Debug\cyfitter_cfg.o
LOAD .\CortexM3\ARM_GCC_541\Debug\cymetadata.o
LOAD .\CortexM3\ARM_GCC_541\Debug\Cm3Start.o
LOAD .\CortexM3\ARM_GCC_541\Debug\Design01.a
LOAD C:\Program Files (x86)\Cypress\PSoC Creator\4.2\PSoC Creator\psoc\content\cycomponentlibrary\CyComponentLibrary.cylib\CortexM3\ARM_GCC_541\Debug\CyComponentLibrary.a
END GROUP
START GROUP
LOAD c:/program files (x86)/cypress/psoc creator/4.2/psoc creator/import/gnu/arm/5.4.1/bin/../lib/gcc/arm-none-eabi/5.4.1/armv7-m\libgcc.a
LOAD c:/program files (x86)/cypress/psoc creator/4.2/psoc creator/import/gnu/arm/5.4.1/bin/../lib/gcc/arm-none-eabi/5.4.1/../../../../arm-none-eabi/lib/armv7-m\libg_nano.a
LOAD c:/program files (x86)/cypress/psoc creator/4.2/psoc creator/import/gnu/arm/5.4.1/bin/../lib/gcc/arm-none-eabi/5.4.1/../../../../arm-none-eabi/lib/armv7-m\libc_nano.a
END GROUP
START GROUP
LOAD c:/program files (x86)/cypress/psoc creator/4.2/psoc creator/import/gnu/arm/5.4.1/bin/../lib/gcc/arm-none-eabi/5.4.1/armv7-m\libgcc.a
LOAD c:/program files (x86)/cypress/psoc creator/4.2/psoc creator/import/gnu/arm/5.4.1/bin/../lib/gcc/arm-none-eabi/5.4.1/../../../../arm-none-eabi/lib/armv7-m\libc_nano.a
END GROUP
LOAD c:/program files (x86)/cypress/psoc creator/4.2/psoc creator/import/gnu/arm/5.4.1/bin/../lib/gcc/arm-none-eabi/5.4.1/armv7-m/crtend.o
LOAD c:/program files (x86)/cypress/psoc creator/4.2/psoc creator/import/gnu/arm/5.4.1/bin/../lib/gcc/arm-none-eabi/5.4.1/armv7-m/crtn.o
START GROUP
LOAD c:/program files (x86)/cypress/psoc creator/4.2/psoc creator/import/gnu/arm/5.4.1/bin/../lib/gcc/arm-none-eabi/5.4.1/armv7-m\libgcc.a
LOAD c:/program files (x86)/cypress/psoc creator/4.2/psoc creator/import/gnu/arm/5.4.1/bin/../lib/gcc/arm-none-eabi/5.4.1/../../../../arm-none-eabi/lib/armv7-m\libc.a
LOAD c:/program files (x86)/cypress/psoc creator/4.2/psoc creator/import/gnu/arm/5.4.1/bin/../lib/gcc/arm-none-eabi/5.4.1/../../../../arm-none-eabi/lib/armv7-m\libnosys.a
END GROUP
                0x00000000                CY_APPL_ORIGIN = 0x0
                0x00000100                CY_FLASH_ROW_SIZE = 0x100
                0x00000020                CY_ECC_ROW_SIZE = 0x20
                0x00000000                CY_EE_IN_BTLDR = 0x0
                0x00000000                CY_APPL_LOADABLE = 0x0
                0x00000800                CY_EE_SIZE = 0x800
                0x00000001                CY_APPL_NUM = 0x1
                0x00000001                CY_APPL_MAX = 0x1
                0x00000040                CY_METADATA_SIZE = 0x40
                0x00000000                CY_APPL_LOADABLE = 0x0
                0x00000000                CY_CHECKSUM_EXCLUDE_SIZE = ALIGN (0x0, CY_FLASH_ROW_SIZE)
                [!provide]                PROVIDE (__cy_heap_start, _end)
                0x00000001                PROVIDE (__cy_region_num, ((__cy_regions_end - __cy_regions) / 0x10))
                0x20008000                PROVIDE (__cy_stack, (ORIGIN (ram) + LENGTH (ram)))
                [!provide]                PROVIDE (__cy_heap_end, (__cy_stack - 0x800))

.cybootloader   0x00000000        0x0
 *(.cybootloader)
                0x00000000                appl1_start = CY_APPL_ORIGIN?CY_APPL_ORIGIN:ALIGN (CY_FLASH_ROW_SIZE)
                0x0001ff00                appl2_start = (appl1_start + ALIGN ((((LENGTH (rom) - appl1_start) - (0x2 * CY_FLASH_ROW_SIZE)) / 0x2), CY_FLASH_ROW_SIZE))
                0x00000000                appl_start = (CY_APPL_NUM == 0x1)?appl1_start:appl2_start
                0x00000000                ecc_offset = ((appl_start / CY_FLASH_ROW_SIZE) * CY_ECC_ROW_SIZE)
                0x00000000                ee_offset = (CY_APPL_LOADABLE && ! (CY_EE_IN_BTLDR))?((CY_EE_SIZE / CY_APPL_MAX) * (CY_APPL_NUM - 0x1)):0x0
                0x00000800                ee_size = (CY_APPL_LOADABLE && ! (CY_EE_IN_BTLDR))?(CY_EE_SIZE / CY_APPL_MAX):CY_EE_SIZE
                [!provide]                PROVIDE (CY_ECC_OFFSET, ecc_offset)

.text           0x00000000     0x2a58
 CREATE_OBJECT_SYMBOLS
                0x00000000                PROVIDE (__cy_interrupt_vector, RomVectors)
 *(.romvectors)
 .romvectors    0x00000000       0x10 .\CortexM3\ARM_GCC_541\Debug\Cm3Start.o
                0x00000000                RomVectors
                0x00000001                ASSERT ((. != __cy_interrupt_vector), No interrupt vector)
                0x00000001                ASSERT (CY_APPL_ORIGIN?(SIZEOF (.cybootloader) <= CY_APPL_ORIGIN):0x1, Wrong image location)
                0x00000010                PROVIDE (__cy_reset, Reset)
 *(.text.Reset)
 .text.Reset    0x00000010       0x18 .\CortexM3\ARM_GCC_541\Debug\Cm3Start.o
                0x00000010                Reset
                0x00000001                ASSERT ((. != __cy_reset), No reset code)
 *(.dma_init)
                0x00000001                ASSERT ((((appl_start + .) <= 0x10000) || 0x1), DMA Init must be within the first 64k of flash)
 *(.text .text.* .gnu.linkonce.t.*)
 .text          0x00000028       0x5c c:/program files (x86)/cypress/psoc creator/4.2/psoc creator/import/gnu/arm/5.4.1/bin/../lib/gcc/arm-none-eabi/5.4.1/armv7-m/crtbegin.o
 .text.InterrupRx
                0x00000084      0x468 .\CortexM3\ARM_GCC_541\Debug\main.o
                0x00000084                InterrupRx
 .text.InterrupA
                0x000004ec      0x164 .\CortexM3\ARM_GCC_541\Debug\main.o
                0x000004ec                InterrupA
 .text.DS_begintx
                0x00000650       0x10 .\CortexM3\ARM_GCC_541\Debug\main.o
                0x00000650                DS_begintx
 .text.DS_get_data
                0x00000660       0x34 .\CortexM3\ARM_GCC_541\Debug\main.o
                0x00000660                DS_get_data
 .text.reloj    0x00000694       0x58 .\CortexM3\ARM_GCC_541\Debug\main.o
                0x00000694                reloj
 .text.muestreo
                0x000006ec       0xa0 .\CortexM3\ARM_GCC_541\Debug\main.o
                0x000006ec                muestreo
 .text.comparacion
                0x0000078c      0x2cc .\CortexM3\ARM_GCC_541\Debug\main.o
                0x0000078c                comparacion
 .text.main     0x00000a58       0x78 .\CortexM3\ARM_GCC_541\Debug\main.o
                0x00000a58                main
 .text.CyClockStartupError
                0x00000ad0        0x4 .\CortexM3\ARM_GCC_541\Debug\cyfitter_cfg.o
 .text.cfg_write_bytes32
                0x00000ad4       0x34 .\CortexM3\ARM_GCC_541\Debug\cyfitter_cfg.o
 .text.CYMEMZERO
                0x00000b08        0xc .\CortexM3\ARM_GCC_541\Debug\cyfitter_cfg.o
 .text.AnalogSetDefault
                0x00000b14       0x7c .\CortexM3\ARM_GCC_541\Debug\cyfitter_cfg.o
 .text.CYCONFIGCPY
                0x00000b90        0x8 .\CortexM3\ARM_GCC_541\Debug\cyfitter_cfg.o
 .text.ClockSetup
                0x00000b98       0xf8 .\CortexM3\ARM_GCC_541\Debug\cyfitter_cfg.o
 .text.cyfitter_cfg
                0x00000c90      0x134 .\CortexM3\ARM_GCC_541\Debug\cyfitter_cfg.o
                0x00000c90                cyfitter_cfg
 .text.IntDefaultHandler
                0x00000dc4       0x10 .\CortexM3\ARM_GCC_541\Debug\Cm3Start.o
                0x00000dc4                IntDefaultHandler
 .text._sbrk    0x00000dd4       0x30 .\CortexM3\ARM_GCC_541\Debug\Cm3Start.o
                0x00000dd4                _sbrk
 .text.Start_c  0x00000e04       0x4c .\CortexM3\ARM_GCC_541\Debug\Cm3Start.o
                0x00000e04                Start_c
 .text.initialize_psoc
                0x00000e50       0x68 .\CortexM3\ARM_GCC_541\Debug\Cm3Start.o
                0x00000e50                initialize_psoc
 .text.UART_Init
                0x00000eb8       0x24 .\CortexM3\ARM_GCC_541\Debug\Design01.a(UART.o)
                0x00000eb8                UART_Init
 .text.UART_Enable
                0x00000edc       0x38 .\CortexM3\ARM_GCC_541\Debug\Design01.a(UART.o)
                0x00000edc                UART_Enable
 .text.UART_Start
                0x00000f14       0x1c .\CortexM3\ARM_GCC_541\Debug\Design01.a(UART.o)
                0x00000f14                UART_Start
 .text.UART_GetChar
                0x00000f30       0x2c .\CortexM3\ARM_GCC_541\Debug\Design01.a(UART.o)
                0x00000f30                UART_GetChar
 .text.UART_PutChar
                0x00000f5c       0x18 .\CortexM3\ARM_GCC_541\Debug\Design01.a(UART.o)
                0x00000f5c                UART_PutChar
 .text.UART_PutString
                0x00000f74       0x24 .\CortexM3\ARM_GCC_541\Debug\Design01.a(UART.o)
                0x00000f74                UART_PutString
 .text.LCD_WrCntrlNib
                0x00000f98       0x34 .\CortexM3\ARM_GCC_541\Debug\Design01.a(LCD.o)
 .text.LCD_WrDatNib
                0x00000fcc       0x44 .\CortexM3\ARM_GCC_541\Debug\Design01.a(LCD.o)
 .text.LCD_IsReady
                0x00001010       0xe4 .\CortexM3\ARM_GCC_541\Debug\Design01.a(LCD.o)
                0x00001010                LCD_IsReady
 .text.LCD_WriteData
                0x000010f4       0x18 .\CortexM3\ARM_GCC_541\Debug\Design01.a(LCD.o)
                0x000010f4                LCD_WriteData
 .text.LCD_PrintString
                0x0000110c       0x1c .\CortexM3\ARM_GCC_541\Debug\Design01.a(LCD.o)
                0x0000110c                LCD_PrintString
 .text.LCD_PutChar
                0x00001128        0x8 .\CortexM3\ARM_GCC_541\Debug\Design01.a(LCD.o)
                0x00001128                LCD_PutChar
 .text.LCD_WriteControl
                0x00001130       0x18 .\CortexM3\ARM_GCC_541\Debug\Design01.a(LCD.o)
                0x00001130                LCD_WriteControl
 .text.LCD_Init
                0x00001148       0x6c .\CortexM3\ARM_GCC_541\Debug\Design01.a(LCD.o)
                0x00001148                LCD_Init
 .text.LCD_Enable
                0x000011b4       0x14 .\CortexM3\ARM_GCC_541\Debug\Design01.a(LCD.o)
                0x000011b4                LCD_Enable
 .text.LCD_Start
                0x000011c8       0x1c .\CortexM3\ARM_GCC_541\Debug\Design01.a(LCD.o)
                0x000011c8                LCD_Start
 .text.LCD_Position
                0x000011e4       0x3c .\CortexM3\ARM_GCC_541\Debug\Design01.a(LCD.o)
                0x000011e4                LCD_Position
 .text.LCD_PrintU32Number
                0x00001220       0x64 .\CortexM3\ARM_GCC_541\Debug\Design01.a(LCD.o)
                0x00001220                LCD_PrintU32Number
 .text.IRQRX_SetVector
                0x00001284        0xc .\CortexM3\ARM_GCC_541\Debug\Design01.a(IRQRX.o)
                0x00001284                IRQRX_SetVector
 .text.IRQRX_SetPriority
                0x00001290       0x10 .\CortexM3\ARM_GCC_541\Debug\Design01.a(IRQRX.o)
                0x00001290                IRQRX_SetPriority
 .text.IRQRX_Enable
                0x000012a0        0xc .\CortexM3\ARM_GCC_541\Debug\Design01.a(IRQRX.o)
                0x000012a0                IRQRX_Enable
 .text.IRQRX_Disable
                0x000012ac        0xc .\CortexM3\ARM_GCC_541\Debug\Design01.a(IRQRX.o)
                0x000012ac                IRQRX_Disable
 .text.IRQRX_StartEx
                0x000012b8       0x1c .\CortexM3\ARM_GCC_541\Debug\Design01.a(IRQRX.o)
                0x000012b8                IRQRX_StartEx
 .text.I2C_Init
                0x000012d4       0x68 .\CortexM3\ARM_GCC_541\Debug\Design01.a(I2C.o)
                0x000012d4                I2C_Init
 .text.I2C_Enable
                0x0000133c       0x24 .\CortexM3\ARM_GCC_541\Debug\Design01.a(I2C.o)
                0x0000133c                I2C_Enable
 .text.I2C_Start
                0x00001360       0x28 .\CortexM3\ARM_GCC_541\Debug\Design01.a(I2C.o)
                0x00001360                I2C_Start
 .text.I2C_ISR  0x00001388      0x2d0 .\CortexM3\ARM_GCC_541\Debug\Design01.a(I2C_INT.o)
                0x00001388                I2C_ISR
 .text.I2C_MasterSendStart
                0x00001658       0x80 .\CortexM3\ARM_GCC_541\Debug\Design01.a(I2C_MASTER.o)
                0x00001658                I2C_MasterSendStart
 .text.I2C_MasterSendRestart
                0x000016d8       0x6c .\CortexM3\ARM_GCC_541\Debug\Design01.a(I2C_MASTER.o)
                0x000016d8                I2C_MasterSendRestart
 .text.I2C_MasterSendStop
                0x00001744       0x38 .\CortexM3\ARM_GCC_541\Debug\Design01.a(I2C_MASTER.o)
                0x00001744                I2C_MasterSendStop
 .text.I2C_MasterWriteByte
                0x0000177c       0x58 .\CortexM3\ARM_GCC_541\Debug\Design01.a(I2C_MASTER.o)
                0x0000177c                I2C_MasterWriteByte
 .text.I2C_MasterReadByte
                0x000017d4       0x58 .\CortexM3\ARM_GCC_541\Debug\Design01.a(I2C_MASTER.o)
                0x000017d4                I2C_MasterReadByte
 .text.PWM_Enable
                0x0000182c       0x10 .\CortexM3\ARM_GCC_541\Debug\Design01.a(PWM.o)
                0x0000182c                PWM_Enable
 .text.PWM_WriteCounter
                0x0000183c        0xc .\CortexM3\ARM_GCC_541\Debug\Design01.a(PWM.o)
                0x0000183c                PWM_WriteCounter
 .text.PWM_WritePeriod
                0x00001848        0xc .\CortexM3\ARM_GCC_541\Debug\Design01.a(PWM.o)
                0x00001848                PWM_WritePeriod
 .text.PWM_WriteCompare1
                0x00001854        0xc .\CortexM3\ARM_GCC_541\Debug\Design01.a(PWM.o)
                0x00001854                PWM_WriteCompare1
 .text.PWM_WriteCompare2
                0x00001860        0xc .\CortexM3\ARM_GCC_541\Debug\Design01.a(PWM.o)
                0x00001860                PWM_WriteCompare2
 .text.PWM_SetInterruptMode
                0x0000186c        0xc .\CortexM3\ARM_GCC_541\Debug\Design01.a(PWM.o)
                0x0000186c                PWM_SetInterruptMode
 .text.PWM_ReadStatusRegister
                0x00001878        0xc .\CortexM3\ARM_GCC_541\Debug\Design01.a(PWM.o)
                0x00001878                PWM_ReadStatusRegister
 .text.PWM_ReadCapture
                0x00001884        0xc .\CortexM3\ARM_GCC_541\Debug\Design01.a(PWM.o)
                0x00001884                PWM_ReadCapture
 .text.PWM_ClearFIFO
                0x00001890       0x14 .\CortexM3\ARM_GCC_541\Debug\Design01.a(PWM.o)
                0x00001890                PWM_ClearFIFO
 .text.PWM_Init
                0x000018a4       0x58 .\CortexM3\ARM_GCC_541\Debug\Design01.a(PWM.o)
                0x000018a4                PWM_Init
 .text.PWM_Start
                0x000018fc       0x1c .\CortexM3\ARM_GCC_541\Debug\Design01.a(PWM.o)
                0x000018fc                PWM_Start
 .text.PINA_Write
                0x00001918       0x18 .\CortexM3\ARM_GCC_541\Debug\Design01.a(PINA.o)
                0x00001918                PINA_Write
 .text.PINA_Read
                0x00001930       0x10 .\CortexM3\ARM_GCC_541\Debug\Design01.a(PINA.o)
                0x00001930                PINA_Read
 .text.PINB_Write
                0x00001940       0x18 .\CortexM3\ARM_GCC_541\Debug\Design01.a(PINB.o)
                0x00001940                PINB_Write
 .text.PINB_Read
                0x00001958       0x10 .\CortexM3\ARM_GCC_541\Debug\Design01.a(PINB.o)
                0x00001958                PINB_Read
 .text.PINC_Write
                0x00001968       0x18 .\CortexM3\ARM_GCC_541\Debug\Design01.a(PINC.o)
                0x00001968                PINC_Write
 .text.PINC_Read
                0x00001980       0x10 .\CortexM3\ARM_GCC_541\Debug\Design01.a(PINC.o)
                0x00001980                PINC_Read
 .text.PIND_Write
                0x00001990       0x18 .\CortexM3\ARM_GCC_541\Debug\Design01.a(PIND.o)
                0x00001990                PIND_Write
 .text.PIND_Read
                0x000019a8        0xc .\CortexM3\ARM_GCC_541\Debug\Design01.a(PIND.o)
                0x000019a8                PIND_Read
 .text.EEPROM_Enable
                0x000019b4        0xc .\CortexM3\ARM_GCC_541\Debug\Design01.a(EEPROM.o)
                0x000019b4                EEPROM_Enable
 .text.EEPROM_Start
                0x000019c0        0x8 .\CortexM3\ARM_GCC_541\Debug\Design01.a(EEPROM.o)
                0x000019c0                EEPROM_Start
 .text.EEPROM_WriteByte
                0x000019c8       0xd0 .\CortexM3\ARM_GCC_541\Debug\Design01.a(EEPROM.o)
                0x000019c8                EEPROM_WriteByte
 .text.EEPROM_ReadByte
                0x00001a98       0x28 .\CortexM3\ARM_GCC_541\Debug\Design01.a(EEPROM.o)
                0x00001a98                EEPROM_ReadByte
 .text.ADC_CalcGain
                0x00001ac0       0x64 .\CortexM3\ARM_GCC_541\Debug\Design01.a(ADC.o)
 .text.ADC_Enable
                0x00001b24       0x94 .\CortexM3\ARM_GCC_541\Debug\Design01.a(ADC.o)
                0x00001b24                ADC_Enable
 .text.ADC_SetResolution
                0x00001bb8       0x38 .\CortexM3\ARM_GCC_541\Debug\Design01.a(ADC.o)
                0x00001bb8                ADC_SetResolution
 .text.ADC_Init
                0x00001bf0       0x3c .\CortexM3\ARM_GCC_541\Debug\Design01.a(ADC.o)
                0x00001bf0                ADC_Init
 .text.ADC_Start
                0x00001c2c       0x1c .\CortexM3\ARM_GCC_541\Debug\Design01.a(ADC.o)
                0x00001c2c                ADC_Start
 .text.ADC_StartConvert
                0x00001c48       0x18 .\CortexM3\ARM_GCC_541\Debug\Design01.a(ADC.o)
                0x00001c48                ADC_StartConvert
 .text.ADC_IsEndConversion
                0x00001c60       0x24 .\CortexM3\ARM_GCC_541\Debug\Design01.a(ADC.o)
                0x00001c60                ADC_IsEndConversion
 .text.ADC_GetResult16
                0x00001c84       0x18 .\CortexM3\ARM_GCC_541\Debug\Design01.a(ADC.o)
                0x00001c84                ADC_GetResult16
 .text.ADC_CountsTo_mVolts
                0x00001c9c       0x58 .\CortexM3\ARM_GCC_541\Debug\Design01.a(ADC.o)
                0x00001c9c                ADC_CountsTo_mVolts
 .text.ADC_ISR  0x00001cf4        0x4 .\CortexM3\ARM_GCC_541\Debug\Design01.a(ADC_INT.o)
                0x00001cf4                ADC_ISR
 .text.UART_IntClock_Start
                0x00001cf8       0x1c .\CortexM3\ARM_GCC_541\Debug\Design01.a(UART_IntClock.o)
                0x00001cf8                UART_IntClock_Start
 .text.ADC_theACLK_SetModeRegister
                0x00001d14       0x14 .\CortexM3\ARM_GCC_541\Debug\Design01.a(ADC_theACLK.o)
                0x00001d14                ADC_theACLK_SetModeRegister
 .text.CySetTempInt
                0x00001d28       0x60 .\CortexM3\ARM_GCC_541\Debug\Design01.a(CyFlash.o)
 .text.CyFlashGetSpcAlgorithm
                0x00001d88       0x4c .\CortexM3\ARM_GCC_541\Debug\Design01.a(CyFlash.o)
                0x00001d88                CyFlashGetSpcAlgorithm
 .text.CySetTemp
                0x00001dd4       0x14 .\CortexM3\ARM_GCC_541\Debug\Design01.a(CyFlash.o)
                0x00001dd4                CySetTemp
 .text.CyEEPROM_Start
                0x00001de8       0x54 .\CortexM3\ARM_GCC_541\Debug\Design01.a(CyFlash.o)
                0x00001de8                CyEEPROM_Start
 .text.CyEEPROM_ReadReserve
                0x00001e3c       0x1c .\CortexM3\ARM_GCC_541\Debug\Design01.a(CyFlash.o)
                0x00001e3c                CyEEPROM_ReadReserve
 .text.CyEEPROM_ReadRelease
                0x00001e58       0x10 .\CortexM3\ARM_GCC_541\Debug\Design01.a(CyFlash.o)
                0x00001e58                CyEEPROM_ReadRelease
 .text.CyHalt   0x00001e68        0x4 .\CortexM3\ARM_GCC_541\Debug\Design01.a(CyLib.o)
                0x00001e68                CyHalt
 .text.CyDelay  0x00001e6c       0x2c .\CortexM3\ARM_GCC_541\Debug\Design01.a(CyLib.o)
                0x00001e6c                CyDelay
 .text.CyDelayUs
                0x00001e98       0x14 .\CortexM3\ARM_GCC_541\Debug\Design01.a(CyLib.o)
                0x00001e98                CyDelayUs
 .text.CyIntSetVector
                0x00001eac       0x28 .\CortexM3\ARM_GCC_541\Debug\Design01.a(CyLib.o)
                0x00001eac                CyIntSetVector
 .text.CyIntSetPriority
                0x00001ed4       0x30 .\CortexM3\ARM_GCC_541\Debug\Design01.a(CyLib.o)
                0x00001ed4                CyIntSetPriority
 .text.CySpcStart
                0x00001f04       0x24 .\CortexM3\ARM_GCC_541\Debug\Design01.a(CySpc.o)
                0x00001f04                CySpcStart
 .text.CySpcReadData
                0x00001f28       0x34 .\CortexM3\ARM_GCC_541\Debug\Design01.a(CySpc.o)
                0x00001f28                CySpcReadData
 .text.CySpcLoadMultiByte
                0x00001f5c       0x78 .\CortexM3\ARM_GCC_541\Debug\Design01.a(CySpc.o)
                0x00001f5c                CySpcLoadMultiByte
 .text.CySpcWriteRow
                0x00001fd4       0x4c .\CortexM3\ARM_GCC_541\Debug\Design01.a(CySpc.o)
                0x00001fd4                CySpcWriteRow
 .text.CySpcGetTemp
                0x00002020       0x3c .\CortexM3\ARM_GCC_541\Debug\Design01.a(CySpc.o)
                0x00002020                CySpcGetTemp
 .text.CySpcLock
                0x0000205c       0x4c .\CortexM3\ARM_GCC_541\Debug\Design01.a(CySpc.o)
                0x0000205c                CySpcLock
 .text.CySpcUnlock
                0x000020a8       0x38 .\CortexM3\ARM_GCC_541\Debug\Design01.a(CySpc.o)
                0x000020a8                CySpcUnlock
 .text.CySpcGetAlgorithm
                0x000020e0       0x28 .\CortexM3\ARM_GCC_541\Debug\Design01.a(CySpc.o)
                0x000020e0                CySpcGetAlgorithm
 .text.Pin_A_Read
                0x00002108        0xc .\CortexM3\ARM_GCC_541\Debug\Design01.a(Pin_A.o)
                0x00002108                Pin_A_Read
 .text.Pin_A_ClearInterrupt
                0x00002114        0xc .\CortexM3\ARM_GCC_541\Debug\Design01.a(Pin_A.o)
                0x00002114                Pin_A_ClearInterrupt
 .text.ISR_A_SetVector
                0x00002120        0xc .\CortexM3\ARM_GCC_541\Debug\Design01.a(ISR_A.o)
                0x00002120                ISR_A_SetVector
 .text.ISR_A_SetPriority
                0x0000212c       0x10 .\CortexM3\ARM_GCC_541\Debug\Design01.a(ISR_A.o)
                0x0000212c                ISR_A_SetPriority
 .text.ISR_A_Enable
                0x0000213c        0xc .\CortexM3\ARM_GCC_541\Debug\Design01.a(ISR_A.o)
                0x0000213c                ISR_A_Enable
 .text.ISR_A_Disable
                0x00002148        0xc .\CortexM3\ARM_GCC_541\Debug\Design01.a(ISR_A.o)
                0x00002148                ISR_A_Disable
 .text.ISR_A_StartEx
                0x00002154       0x1c .\CortexM3\ARM_GCC_541\Debug\Design01.a(ISR_A.o)
                0x00002154                ISR_A_StartEx
 .text          0x00002170       0x20 .\CortexM3\ARM_GCC_541\Debug\Design01.a(CyBootAsmGnu.o)
                0x00002170                CyDelayCycles
                0x00002180                CyEnterCriticalSection
                0x00002188                CyExitCriticalSection
 .text.__errno  0x00002190        0xc c:/program files (x86)/cypress/psoc creator/4.2/psoc creator/import/gnu/arm/5.4.1/bin/../lib/gcc/arm-none-eabi/5.4.1/../../../../arm-none-eabi/lib/armv7-m\libg_nano.a(lib_a-errno.o)
                0x00002190                __errno
 .text.__libc_init_array
                0x0000219c       0x4c c:/program files (x86)/cypress/psoc creator/4.2/psoc creator/import/gnu/arm/5.4.1/bin/../lib/gcc/arm-none-eabi/5.4.1/../../../../arm-none-eabi/lib/armv7-m\libg_nano.a(lib_a-init.o)
                0x0000219c                __libc_init_array
 .text.memcpy   0x000021e8       0x16 c:/program files (x86)/cypress/psoc creator/4.2/psoc creator/import/gnu/arm/5.4.1/bin/../lib/gcc/arm-none-eabi/5.4.1/../../../../arm-none-eabi/lib/armv7-m\libg_nano.a(lib_a-memcpy-stub.o)
                0x000021e8                memcpy
 .text.memset   0x000021fe       0x10 c:/program files (x86)/cypress/psoc creator/4.2/psoc creator/import/gnu/arm/5.4.1/bin/../lib/gcc/arm-none-eabi/5.4.1/../../../../arm-none-eabi/lib/armv7-m\libg_nano.a(lib_a-memset.o)
                0x000021fe                memset
 *fill*         0x0000220e        0x2 
 .text.sprintf  0x00002210       0x48 c:/program files (x86)/cypress/psoc creator/4.2/psoc creator/import/gnu/arm/5.4.1/bin/../lib/gcc/arm-none-eabi/5.4.1/../../../../arm-none-eabi/lib/armv7-m\libg_nano.a(lib_a-sprintf.o)
                0x00002210                siprintf
                0x00002210                sprintf
 .text.__ssputs_r
                0x00002258       0xb2 c:/program files (x86)/cypress/psoc creator/4.2/psoc creator/import/gnu/arm/5.4.1/bin/../lib/gcc/arm-none-eabi/5.4.1/../../../../arm-none-eabi/lib/armv7-m\libg_nano.a(lib_a-nano-svfprintf.o)
                0x00002258                __ssputs_r
 *fill*         0x0000230a        0x2 
 .text._svfprintf_r
                0x0000230c      0x1e8 c:/program files (x86)/cypress/psoc creator/4.2/psoc creator/import/gnu/arm/5.4.1/bin/../lib/gcc/arm-none-eabi/5.4.1/../../../../arm-none-eabi/lib/armv7-m\libg_nano.a(lib_a-nano-svfprintf.o)
                0x0000230c                _svfiprintf_r
                0x0000230c                _svfprintf_r
 .text._printf_common
                0x000024f4       0xec c:/program files (x86)/cypress/psoc creator/4.2/psoc creator/import/gnu/arm/5.4.1/bin/../lib/gcc/arm-none-eabi/5.4.1/../../../../arm-none-eabi/lib/armv7-m\libg_nano.a(lib_a-nano-vfprintf_i.o)
                0x000024f4                _printf_common
 .text._printf_i
                0x000025e0      0x24c c:/program files (x86)/cypress/psoc creator/4.2/psoc creator/import/gnu/arm/5.4.1/bin/../lib/gcc/arm-none-eabi/5.4.1/../../../../arm-none-eabi/lib/armv7-m\libg_nano.a(lib_a-nano-vfprintf_i.o)
                0x000025e0                _printf_i
 .text.memchr   0x0000282c       0x1c c:/program files (x86)/cypress/psoc creator/4.2/psoc creator/import/gnu/arm/5.4.1/bin/../lib/gcc/arm-none-eabi/5.4.1/../../../../arm-none-eabi/lib/armv7-m\libg_nano.a(lib_a-memchr-stub.o)
                0x0000282c                memchr
 .text.memmove  0x00002848       0x36 c:/program files (x86)/cypress/psoc creator/4.2/psoc creator/import/gnu/arm/5.4.1/bin/../lib/gcc/arm-none-eabi/5.4.1/../../../../arm-none-eabi/lib/armv7-m\libg_nano.a(lib_a-memmove.o)
                0x00002848                memmove
 *fill*         0x0000287e        0x2 
 .text._free_r  0x00002880       0x98 c:/program files (x86)/cypress/psoc creator/4.2/psoc creator/import/gnu/arm/5.4.1/bin/../lib/gcc/arm-none-eabi/5.4.1/../../../../arm-none-eabi/lib/armv7-m\libg_nano.a(lib_a-nano-freer.o)
                0x00002880                _free_r
 .text._malloc_r
                0x00002918       0xbc c:/program files (x86)/cypress/psoc creator/4.2/psoc creator/import/gnu/arm/5.4.1/bin/../lib/gcc/arm-none-eabi/5.4.1/../../../../arm-none-eabi/lib/armv7-m\libg_nano.a(lib_a-nano-mallocr.o)
                0x00002918                _malloc_r
 .text._realloc_r
                0x000029d4       0x4c c:/program files (x86)/cypress/psoc creator/4.2/psoc creator/import/gnu/arm/5.4.1/bin/../lib/gcc/arm-none-eabi/5.4.1/../../../../arm-none-eabi/lib/armv7-m\libg_nano.a(lib_a-nano-reallocr.o)
                0x000029d4                _realloc_r
 .text._sbrk_r  0x00002a20       0x20 c:/program files (x86)/cypress/psoc creator/4.2/psoc creator/import/gnu/arm/5.4.1/bin/../lib/gcc/arm-none-eabi/5.4.1/../../../../arm-none-eabi/lib/armv7-m\libg_nano.a(lib_a-sbrkr.o)
                0x00002a20                _sbrk_r
 .text.__malloc_lock
                0x00002a40        0x2 c:/program files (x86)/cypress/psoc creator/4.2/psoc creator/import/gnu/arm/5.4.1/bin/../lib/gcc/arm-none-eabi/5.4.1/../../../../arm-none-eabi/lib/armv7-m\libg_nano.a(lib_a-mlock.o)
                0x00002a40                __malloc_lock
 .text.__malloc_unlock
                0x00002a42        0x2 c:/program files (x86)/cypress/psoc creator/4.2/psoc creator/import/gnu/arm/5.4.1/bin/../lib/gcc/arm-none-eabi/5.4.1/../../../../arm-none-eabi/lib/armv7-m\libg_nano.a(lib_a-mlock.o)
                0x00002a42                __malloc_unlock
 .text._malloc_usable_size_r
                0x00002a44       0x14 c:/program files (x86)/cypress/psoc creator/4.2/psoc creator/import/gnu/arm/5.4.1/bin/../lib/gcc/arm-none-eabi/5.4.1/../../../../arm-none-eabi/lib/armv7-m\libg_nano.a(lib_a-nano-msizer.o)
                0x00002a44                _malloc_usable_size_r
 *(.plt)
 *(.gnu.warning)
 *(.glue_7t)
 .glue_7t       0x00002a58        0x0 linker stubs
 *(.glue_7)
 .glue_7        0x00002a58        0x0 linker stubs
 *(.vfp11_veneer)
 .vfp11_veneer  0x00002a58        0x0 linker stubs
 *(.bootloader)
 *(.ARM.extab* .gnu.linkonce.armextab.*)
 *(.gcc_except_table)

.v4_bx          0x00002a58        0x0
 .v4_bx         0x00002a58        0x0 linker stubs

.iplt           0x00002a58        0x0
 .iplt          0x00002a58        0x0 c:/program files (x86)/cypress/psoc creator/4.2/psoc creator/import/gnu/arm/5.4.1/bin/../lib/gcc/arm-none-eabi/5.4.1/armv7-m/crtbegin.o

.eh_frame_hdr
 *(.eh_frame_hdr)

.eh_frame       0x00002a58        0x4
 *(.eh_frame)
 .eh_frame      0x00002a58        0x0 c:/program files (x86)/cypress/psoc creator/4.2/psoc creator/import/gnu/arm/5.4.1/bin/../lib/gcc/arm-none-eabi/5.4.1/armv7-m/crtbegin.o
 .eh_frame      0x00002a58        0x4 c:/program files (x86)/cypress/psoc creator/4.2/psoc creator/import/gnu/arm/5.4.1/bin/../lib/gcc/arm-none-eabi/5.4.1/armv7-m/crtend.o
                [!provide]                PROVIDE (__exidx_start, .)

.ARM.exidx
 *(.ARM.exidx* .gnu.linkonce.armexidx.*)
                0x00002a5c                __exidx_end = .

.rodata         0x00002a5c      0x12c
 *(.rodata .rodata.* .gnu.linkonce.r.*)
 .rodata.str1.4
                0x00002a5c       0x78 .\CortexM3\ARM_GCC_541\Debug\main.o
                                 0x76 (size before relaxing)
 .rodata        0x00002ad4       0x44 .\CortexM3\ARM_GCC_541\Debug\cyfitter_cfg.o
 .rodata.str1.1
                0x00002b18        0x2 c:/program files (x86)/cypress/psoc creator/4.2/psoc creator/import/gnu/arm/5.4.1/bin/../lib/gcc/arm-none-eabi/5.4.1/../../../../arm-none-eabi/lib/armv7-m\libg_nano.a(lib_a-impure.o)
 .rodata.str1.1
                0x00002b1a       0x11 c:/program files (x86)/cypress/psoc creator/4.2/psoc creator/import/gnu/arm/5.4.1/bin/../lib/gcc/arm-none-eabi/5.4.1/../../../../arm-none-eabi/lib/armv7-m\libg_nano.a(lib_a-nano-svfprintf.o)
 .rodata.str1.1
                0x00002b2b       0x22 c:/program files (x86)/cypress/psoc creator/4.2/psoc creator/import/gnu/arm/5.4.1/bin/../lib/gcc/arm-none-eabi/5.4.1/../../../../arm-none-eabi/lib/armv7-m\libg_nano.a(lib_a-nano-vfprintf_i.o)
                0x00002b50                . = ALIGN (0x4)
 *fill*         0x00002b4d        0x3 
 *(.init)
 .init          0x00002b50        0x4 c:/program files (x86)/cypress/psoc creator/4.2/psoc creator/import/gnu/arm/5.4.1/bin/../lib/gcc/arm-none-eabi/5.4.1/armv7-m/crti.o
                0x00002b50                _init
 .init          0x00002b54        0x8 c:/program files (x86)/cypress/psoc creator/4.2/psoc creator/import/gnu/arm/5.4.1/bin/../lib/gcc/arm-none-eabi/5.4.1/armv7-m/crtn.o
                0x00002b5c                . = ALIGN (0x4)
                0x00002b5c                __preinit_array_start = .
 *(.preinit_array)
                0x00002b5c                __preinit_array_end = .
                0x00002b5c                . = ALIGN (0x4)
                0x00002b5c                __init_array_start = .
 *(SORT(.init_array.*))
 *(.init_array)
 .init_array    0x00002b5c        0x4 c:/program files (x86)/cypress/psoc creator/4.2/psoc creator/import/gnu/arm/5.4.1/bin/../lib/gcc/arm-none-eabi/5.4.1/armv7-m/crtbegin.o
 .init_array    0x00002b60        0x4 .\CortexM3\ARM_GCC_541\Debug\Cm3Start.o
                0x00002b64                __init_array_end = .
                0x00002b64                . = ALIGN (0x4)
 *(.fini)
 .fini          0x00002b64        0x4 c:/program files (x86)/cypress/psoc creator/4.2/psoc creator/import/gnu/arm/5.4.1/bin/../lib/gcc/arm-none-eabi/5.4.1/armv7-m/crti.o
                0x00002b64                _fini
 .fini          0x00002b68        0x8 c:/program files (x86)/cypress/psoc creator/4.2/psoc creator/import/gnu/arm/5.4.1/bin/../lib/gcc/arm-none-eabi/5.4.1/armv7-m/crtn.o
                0x00002b70                . = ALIGN (0x4)
                0x00002b70                __fini_array_start = .
 *(.fini_array)
 .fini_array    0x00002b70        0x4 c:/program files (x86)/cypress/psoc creator/4.2/psoc creator/import/gnu/arm/5.4.1/bin/../lib/gcc/arm-none-eabi/5.4.1/armv7-m/crtbegin.o
 *(SORT(.fini_array.*))
                0x00002b74                __fini_array_end = .
                0x00002b74                . = ALIGN (0x4)
 *crtbegin.o(.ctors)
 *(EXCLUDE_FILE(*crtend.o) .ctors)
 *(SORT(.ctors.*))
 *crtend.o(.ctors)
                0x00002b74                . = ALIGN (0x4)
 *crtbegin.o(.dtors)
 *(EXCLUDE_FILE(*crtend.o) .dtors)
 *(SORT(.dtors.*))
 *crtend.o(.dtors)
                0x00002b74                . = ALIGN (0x4)
                0x00002b74                __cy_regions = .
                0x00002b74        0x4 LONG 0x2b88 __cy_region_init_ram
                0x00002b78        0x4 LONG 0x1fff80c8 __cy_region_start_data
                0x00002b7c        0x4 LONG 0x80 __cy_region_init_size_ram
                0x00002b80        0x4 LONG 0xa8 __cy_region_zero_size_ram
                0x00002b84                __cy_regions_end = .
                0x00002b88                . = ALIGN (0x8)
 *fill*         0x00002b84        0x4 
                0x00002b88                _etext = .

.cy_checksum_exclude
                0x00002b88        0x0
 *(.cy_checksum_exclude)

.ramvectors     0x1fff8000       0xc0
                0x1fff8000                __cy_region_start_ram = .
 *(.ramvectors)
 .ramvectors    0x1fff8000       0xc0 .\CortexM3\ARM_GCC_541\Debug\Cm3Start.o
                0x1fff8000                CyRamVectors

.noinit         0x1fff80c0        0x1
 *(.noinit)
 .noinit        0x1fff80c0        0x1 .\CortexM3\ARM_GCC_541\Debug\Design01.a(CyLib.o)
                0x1fff80c0                CyResetStatus

.data           0x1fff80c8       0x80 load address 0x00002b88
                0x1fff80c8                __cy_region_start_data = .
 *(.jcr)
 .jcr           0x1fff80c8        0x0 c:/program files (x86)/cypress/psoc creator/4.2/psoc creator/import/gnu/arm/5.4.1/bin/../lib/gcc/arm-none-eabi/5.4.1/armv7-m/crtbegin.o
 .jcr           0x1fff80c8        0x4 c:/program files (x86)/cypress/psoc creator/4.2/psoc creator/import/gnu/arm/5.4.1/bin/../lib/gcc/arm-none-eabi/5.4.1/armv7-m/crtend.o
 *(.got.plt)
 *(.got)
 *(.shdata)
 *(.data .data.* .gnu.linkonce.d.*)
 .data          0x1fff80cc        0x4 .\CortexM3\ARM_GCC_541\Debug\Cm3Start.o
 .data          0x1fff80d0       0x10 .\CortexM3\ARM_GCC_541\Debug\Design01.a(CyLib.o)
                0x1fff80d0                cydelay_32k_ms
                0x1fff80d4                cydelay_freq_khz
                0x1fff80d8                cydelay_freq_mhz
                0x1fff80dc                cydelay_freq_hz
 .data.impure_data
                0x1fff80e0       0x60 c:/program files (x86)/cypress/psoc creator/4.2/psoc creator/import/gnu/arm/5.4.1/bin/../lib/gcc/arm-none-eabi/5.4.1/../../../../arm-none-eabi/lib/armv7-m\libg_nano.a(lib_a-impure.o)
 .data._impure_ptr
                0x1fff8140        0x4 c:/program files (x86)/cypress/psoc creator/4.2/psoc creator/import/gnu/arm/5.4.1/bin/../lib/gcc/arm-none-eabi/5.4.1/../../../../arm-none-eabi/lib/armv7-m\libg_nano.a(lib_a-impure.o)
                0x1fff8140                _impure_ptr
                0x1fff8148                . = ALIGN (0x8)
 *fill*         0x1fff8144        0x4 
 *(.ram)
                0x1fff8148                _edata = .

.igot.plt       0x1fff8148        0x0 load address 0x00002c08
 .igot.plt      0x1fff8148        0x0 c:/program files (x86)/cypress/psoc creator/4.2/psoc creator/import/gnu/arm/5.4.1/bin/../lib/gcc/arm-none-eabi/5.4.1/armv7-m/crtbegin.o

.bss            0x1fff8148       0xa8 load address 0x00002c08
                0x1fff8148                PROVIDE (__bss_start__, .)
 *(.shbss)
 *(.bss .bss.* .gnu.linkonce.b.*)
 .bss           0x1fff8148       0x1c c:/program files (x86)/cypress/psoc creator/4.2/psoc creator/import/gnu/arm/5.4.1/bin/../lib/gcc/arm-none-eabi/5.4.1/armv7-m/crtbegin.o
 .bss           0x1fff8164       0x22 .\CortexM3\ARM_GCC_541\Debug\main.o
                0x1fff8164                bandera
                0x1fff8165                banderaS
                0x1fff8166                banderaH
                0x1fff8167                banderaI
                0x1fff8168                banderaF
                0x1fff8169                banderaM
                0x1fff816a                cont
                0x1fff816b                item
                0x1fff816c                item1
                0x1fff8170                item2
                0x1fff8174                item3
                0x1fff8178                item4
                0x1fff817c                dato
                0x1fff8180                aux
                0x1fff8184                temp2
 .bss           0x1fff8186        0x2 .\CortexM3\ARM_GCC_541\Debug\Design01.a(UART.o)
                0x1fff8186                UART_initVar
 .bss           0x1fff8188        0x2 .\CortexM3\ARM_GCC_541\Debug\Design01.a(LCD.o)
                0x1fff8188                LCD_enableState
                0x1fff8189                LCD_initVar
 .bss           0x1fff818a        0x1 .\CortexM3\ARM_GCC_541\Debug\Design01.a(I2C.o)
                0x1fff818a                I2C_initVar
 .bss           0x1fff818b        0x1 .\CortexM3\ARM_GCC_541\Debug\Design01.a(PWM.o)
                0x1fff818b                PWM_initVar
 .bss           0x1fff818c        0x1 .\CortexM3\ARM_GCC_541\Debug\Design01.a(ADC.o)
                0x1fff818c                ADC_initVar
 *fill*         0x1fff818d        0x3 
 .bss           0x1fff8190        0x8 .\CortexM3\ARM_GCC_541\Debug\Design01.a(CySpc.o)
                0x1fff8190                SpcLockState
 .bss.__malloc_sbrk_start
                0x1fff8198        0x4 c:/program files (x86)/cypress/psoc creator/4.2/psoc creator/import/gnu/arm/5.4.1/bin/../lib/gcc/arm-none-eabi/5.4.1/../../../../arm-none-eabi/lib/armv7-m\libg_nano.a(lib_a-nano-mallocr.o)
                0x1fff8198                __malloc_sbrk_start
 .bss.__malloc_free_list
                0x1fff819c        0x4 c:/program files (x86)/cypress/psoc creator/4.2/psoc creator/import/gnu/arm/5.4.1/bin/../lib/gcc/arm-none-eabi/5.4.1/../../../../arm-none-eabi/lib/armv7-m\libg_nano.a(lib_a-nano-mallocr.o)
                0x1fff819c                __malloc_free_list
 *(COMMON)
 COMMON         0x1fff81a0       0x27 .\CortexM3\ARM_GCC_541\Debug\main.o
                0x1fff81a0                zHoraInicio
                0x1fff81a4                ds
                0x1fff81ac                wHoraFin
                0x1fff81b0                xHoraInicio
                0x1fff81b4                wHoraInicio
                0x1fff81b8                zHoraFin
                0x1fff81bc                xHoraFin
                0x1fff81c0                yHoraFin
                0x1fff81c4                yHoraInicio
 COMMON         0x1fff81c7        0x1 .\CortexM3\ARM_GCC_541\Debug\Design01.a(I2C.o)
                0x1fff81c7                I2C_state
 COMMON         0x1fff81c8       0x10 .\CortexM3\ARM_GCC_541\Debug\Design01.a(I2C_MASTER.o)
                0x1fff81c8                I2C_mstrWrBufIndex
                0x1fff81c9                I2C_mstrWrBufSize
                0x1fff81ca                I2C_mstrStatus
                0x1fff81cc                I2C_mstrRdBufPtr
                0x1fff81d0                I2C_mstrControl
                0x1fff81d1                I2C_mstrRdBufSize
                0x1fff81d2                I2C_mstrRdBufIndex
                0x1fff81d4                I2C_mstrWrBufPtr
 COMMON         0x1fff81d8        0xa .\CortexM3\ARM_GCC_541\Debug\Design01.a(ADC.o)
                0x1fff81d8                ADC_countsPer10Volt
                0x1fff81dc                ADC_shift
                0x1fff81de                ADC_countsPerVolt
                0x1fff81e0                ADC_offset
 *fill*         0x1fff81e2        0x2 
 COMMON         0x1fff81e4        0x2 .\CortexM3\ARM_GCC_541\Debug\Design01.a(CyFlash.o)
                0x1fff81e4                dieTemperature
 *fill*         0x1fff81e6        0x2 
 COMMON         0x1fff81e8        0x4 c:/program files (x86)/cypress/psoc creator/4.2/psoc creator/import/gnu/arm/5.4.1/bin/../lib/gcc/arm-none-eabi/5.4.1/../../../../arm-none-eabi/lib/armv7-m\libg_nano.a(lib_a-reent.o)
                0x1fff81e8                errno
                0x1fff81f0                . = ALIGN (0x8)
 *fill*         0x1fff81ec        0x4 
 *(.ram.b)
                0x1fff81f0                _end = .
                0x1fff81f0                __end = .
                0x1fff81f0                PROVIDE (end, .)
                0x1fff81f0                PROVIDE (__bss_end__, .)
                0x00002b88                __cy_region_init_ram = LOADADDR (.data)
                0x00000080                __cy_region_init_size_ram = (_edata - ADDR (.data))
                0x000000a8                __cy_region_zero_size_ram = (_end - _edata)

.heap           0x1fff81f0       0x80 load address 0x00002c08
                0x1fff81f0                . = _end
                0x1fff8270                . = (. + 0x80)
 *fill*         0x1fff81f0       0x80 
                0x1fff8270                __cy_heap_limit = .

.stack          0x20007800      0x800
                0x20007800                __cy_stack_limit = .
                0x20008000                . = (. + 0x800)
 *fill*         0x20007800      0x800 
                0x00000001                ASSERT ((__cy_stack_limit >= __cy_heap_limit), region RAM overflowed with stack)
                0x00000000                cy_checksum_exclude_size = (CY_APPL_LOADABLE == 0x1)?SIZEOF (.cy_checksum_exclude):0x0
                0x00000001                ASSERT ((cy_checksum_exclude_size <= CY_CHECKSUM_EXCLUDE_SIZE), CY_BOOT: Section .cy_checksum_exclude size exceedes specified limit.)

.cyloadermeta
 *(.cyloadermeta)

.cyloadablemeta
 *(.cyloadablemeta)

.cyconfigecc    0x80000000      0x4e4
 *(.cyconfigecc)
 .cyconfigecc   0x80000000      0x4e4 .\CortexM3\ARM_GCC_541\Debug\cymetadata.o
                0x80000000                cy_meta_configecc

.cycustnvl      0x90000000        0x4
 *(.cycustnvl)
 .cycustnvl     0x90000000        0x4 .\CortexM3\ARM_GCC_541\Debug\cymetadata.o
                0x90000000                cy_meta_custnvl

.cywolatch      0x90100000        0x4
 *(.cywolatch)
 .cywolatch     0x90100000        0x4 .\CortexM3\ARM_GCC_541\Debug\cymetadata.o
                0x90100000                cy_meta_wonvl

.cyeeprom       0x90200000        0x0
 *(.cyeeprom)
                0x00000001                ASSERT ((. <= ((0x90200000 + ee_offset) + ee_size)), .cyeeprom data will not fit in EEPROM)

.cyflashprotect
                0x90400000      0x100
 *(.cyflashprotect)
 .cyflashprotect
                0x90400000      0x100 .\CortexM3\ARM_GCC_541\Debug\cymetadata.o
                0x90400000                cy_meta_flashprotect

.cymeta         0x90500000        0xc
 *(.cymeta)
 .cymeta        0x90500000        0xc .\CortexM3\ARM_GCC_541\Debug\cymetadata.o
                0x90500000                cy_metadata

.rel.dyn        0x00002c08        0x0 load address 0x9050000c
 .rel.iplt      0x00002c08        0x0 c:/program files (x86)/cypress/psoc creator/4.2/psoc creator/import/gnu/arm/5.4.1/bin/../lib/gcc/arm-none-eabi/5.4.1/armv7-m/crtbegin.o

.stab
 *(.stab)

.stabstr
 *(.stabstr)

.debug
 *(.debug)

.line
 *(.line)

.debug_srcinfo
 *(.debug_srcinfo)

.debug_sfnames
 *(.debug_sfnames)

.debug_aranges  0x00000000      0xd68
 *(.debug_aranges)
 .debug_aranges
                0x00000000       0x70 .\CortexM3\ARM_GCC_541\Debug\main.o
 .debug_aranges
                0x00000070       0x58 .\CortexM3\ARM_GCC_541\Debug\cyfitter_cfg.o
 .debug_aranges
                0x000000c8       0x18 .\CortexM3\ARM_GCC_541\Debug\cymetadata.o
 .debug_aranges
                0x000000e0       0x48 .\CortexM3\ARM_GCC_541\Debug\Cm3Start.o
 .debug_aranges
                0x00000128       0xf0 .\CortexM3\ARM_GCC_541\Debug\Design01.a(UART.o)
 .debug_aranges
                0x00000218       0x98 .\CortexM3\ARM_GCC_541\Debug\Design01.a(LCD.o)
 .debug_aranges
                0x000002b0       0x80 .\CortexM3\ARM_GCC_541\Debug\Design01.a(IRQRX.o)
 .debug_aranges
                0x00000330       0x38 .\CortexM3\ARM_GCC_541\Debug\Design01.a(I2C.o)
 .debug_aranges
                0x00000368       0x20 .\CortexM3\ARM_GCC_541\Debug\Design01.a(I2C_INT.o)
 .debug_aranges
                0x00000388       0x38 .\CortexM3\ARM_GCC_541\Debug\Design01.a(I2C_PM.o)
 .debug_aranges
                0x000003c0       0x80 .\CortexM3\ARM_GCC_541\Debug\Design01.a(I2C_MASTER.o)
 .debug_aranges
                0x00000440       0xa8 .\CortexM3\ARM_GCC_541\Debug\Design01.a(PWM.o)
 .debug_aranges
                0x000004e8       0x38 .\CortexM3\ARM_GCC_541\Debug\Design01.a(PINA.o)
 .debug_aranges
                0x00000520       0x38 .\CortexM3\ARM_GCC_541\Debug\Design01.a(PINB.o)
 .debug_aranges
                0x00000558       0x38 .\CortexM3\ARM_GCC_541\Debug\Design01.a(PINC.o)
 .debug_aranges
                0x00000590       0x38 .\CortexM3\ARM_GCC_541\Debug\Design01.a(PIND.o)
 .debug_aranges
                0x000005c8       0x78 .\CortexM3\ARM_GCC_541\Debug\Design01.a(EEPROM.o)
 .debug_aranges
                0x00000640       0xa8 .\CortexM3\ARM_GCC_541\Debug\Design01.a(ADC.o)
 .debug_aranges
                0x000006e8       0x20 .\CortexM3\ARM_GCC_541\Debug\Design01.a(ADC_INT.o)
 .debug_aranges
                0x00000708       0x48 .\CortexM3\ARM_GCC_541\Debug\Design01.a(PINMOV.o)
 .debug_aranges
                0x00000750       0x70 .\CortexM3\ARM_GCC_541\Debug\Design01.a(UART_IntClock.o)
 .debug_aranges
                0x000007c0       0x80 .\CortexM3\ARM_GCC_541\Debug\Design01.a(ADC_theACLK.o)
 .debug_aranges
                0x00000840       0x88 .\CortexM3\ARM_GCC_541\Debug\Design01.a(CyFlash.o)
 .debug_aranges
                0x000008c8      0x2a0 .\CortexM3\ARM_GCC_541\Debug\Design01.a(CyLib.o)
 .debug_aranges
                0x00000b68       0x98 .\CortexM3\ARM_GCC_541\Debug\Design01.a(cyPm.o)
 .debug_aranges
                0x00000c00       0x80 .\CortexM3\ARM_GCC_541\Debug\Design01.a(CySpc.o)
 .debug_aranges
                0x00000c80       0x48 .\CortexM3\ARM_GCC_541\Debug\Design01.a(Pin_A.o)
 .debug_aranges
                0x00000cc8       0x80 .\CortexM3\ARM_GCC_541\Debug\Design01.a(ISR_A.o)
 .debug_aranges
                0x00000d48       0x20 .\CortexM3\ARM_GCC_541\Debug\Design01.a(CyBootAsmGnu.o)

.debug_pubnames
 *(.debug_pubnames)

.debug_info     0x00000000     0x80f1
 *(.debug_info .gnu.linkonce.wi.*)
 .debug_info    0x00000000     0x1229 .\CortexM3\ARM_GCC_541\Debug\main.o
 .debug_info    0x00001229      0x651 .\CortexM3\ARM_GCC_541\Debug\cyfitter_cfg.o
 .debug_info    0x0000187a      0x136 .\CortexM3\ARM_GCC_541\Debug\cymetadata.o
 .debug_info    0x000019b0      0x3bb .\CortexM3\ARM_GCC_541\Debug\Cm3Start.o
 .debug_info    0x00001d6b      0x60c .\CortexM3\ARM_GCC_541\Debug\Design01.a(UART.o)
 .debug_info    0x00002377      0x715 .\CortexM3\ARM_GCC_541\Debug\Design01.a(LCD.o)
 .debug_info    0x00002a8c      0x2d2 .\CortexM3\ARM_GCC_541\Debug\Design01.a(IRQRX.o)
 .debug_info    0x00002d5e      0x2ad .\CortexM3\ARM_GCC_541\Debug\Design01.a(I2C.o)
 .debug_info    0x0000300b      0x184 .\CortexM3\ARM_GCC_541\Debug\Design01.a(I2C_INT.o)
 .debug_info    0x0000318f      0x207 .\CortexM3\ARM_GCC_541\Debug\Design01.a(I2C_PM.o)
 .debug_info    0x00003396      0x407 .\CortexM3\ARM_GCC_541\Debug\Design01.a(I2C_MASTER.o)
 .debug_info    0x0000379d      0x381 .\CortexM3\ARM_GCC_541\Debug\Design01.a(PWM.o)
 .debug_info    0x00003b1e      0x11f .\CortexM3\ARM_GCC_541\Debug\Design01.a(PINA.o)
 .debug_info    0x00003c3d      0x11f .\CortexM3\ARM_GCC_541\Debug\Design01.a(PINB.o)
 .debug_info    0x00003d5c      0x11f .\CortexM3\ARM_GCC_541\Debug\Design01.a(PINC.o)
 .debug_info    0x00003e7b      0x11f .\CortexM3\ARM_GCC_541\Debug\Design01.a(PIND.o)
 .debug_info    0x00003f9a      0x630 .\CortexM3\ARM_GCC_541\Debug\Design01.a(EEPROM.o)
 .debug_info    0x000045ca      0x5c0 .\CortexM3\ARM_GCC_541\Debug\Design01.a(ADC.o)
 .debug_info    0x00004b8a       0x92 .\CortexM3\ARM_GCC_541\Debug\Design01.a(ADC_INT.o)
 .debug_info    0x00004c1c      0x174 .\CortexM3\ARM_GCC_541\Debug\Design01.a(PINMOV.o)
 .debug_info    0x00004d90      0x283 .\CortexM3\ARM_GCC_541\Debug\Design01.a(UART_IntClock.o)
 .debug_info    0x00005013      0x2c4 .\CortexM3\ARM_GCC_541\Debug\Design01.a(ADC_theACLK.o)
 .debug_info    0x000052d7      0x64d .\CortexM3\ARM_GCC_541\Debug\Design01.a(CyFlash.o)
 .debug_info    0x00005924     0x1374 .\CortexM3\ARM_GCC_541\Debug\Design01.a(CyLib.o)
 .debug_info    0x00006c98      0xa2a .\CortexM3\ARM_GCC_541\Debug\Design01.a(cyPm.o)
 .debug_info    0x000076c2      0x550 .\CortexM3\ARM_GCC_541\Debug\Design01.a(CySpc.o)
 .debug_info    0x00007c12      0x174 .\CortexM3\ARM_GCC_541\Debug\Design01.a(Pin_A.o)
 .debug_info    0x00007d86      0x2d2 .\CortexM3\ARM_GCC_541\Debug\Design01.a(ISR_A.o)
 .debug_info    0x00008058       0x99 .\CortexM3\ARM_GCC_541\Debug\Design01.a(CyBootAsmGnu.o)

.debug_abbrev   0x00000000     0x2184
 *(.debug_abbrev)
 .debug_abbrev  0x00000000      0x1f5 .\CortexM3\ARM_GCC_541\Debug\main.o
 .debug_abbrev  0x000001f5      0x20d .\CortexM3\ARM_GCC_541\Debug\cyfitter_cfg.o
 .debug_abbrev  0x00000402       0x77 .\CortexM3\ARM_GCC_541\Debug\cymetadata.o
 .debug_abbrev  0x00000479      0x1e8 .\CortexM3\ARM_GCC_541\Debug\Cm3Start.o
 .debug_abbrev  0x00000661      0x175 .\CortexM3\ARM_GCC_541\Debug\Design01.a(UART.o)
 .debug_abbrev  0x000007d6      0x157 .\CortexM3\ARM_GCC_541\Debug\Design01.a(LCD.o)
 .debug_abbrev  0x0000092d      0x173 .\CortexM3\ARM_GCC_541\Debug\Design01.a(IRQRX.o)
 .debug_abbrev  0x00000aa0      0x10a .\CortexM3\ARM_GCC_541\Debug\Design01.a(I2C.o)
 .debug_abbrev  0x00000baa       0xb6 .\CortexM3\ARM_GCC_541\Debug\Design01.a(I2C_INT.o)
 .debug_abbrev  0x00000c60       0xfe .\CortexM3\ARM_GCC_541\Debug\Design01.a(I2C_PM.o)
 .debug_abbrev  0x00000d5e      0x13c .\CortexM3\ARM_GCC_541\Debug\Design01.a(I2C_MASTER.o)
 .debug_abbrev  0x00000e9a      0x133 .\CortexM3\ARM_GCC_541\Debug\Design01.a(PWM.o)
 .debug_abbrev  0x00000fcd       0x90 .\CortexM3\ARM_GCC_541\Debug\Design01.a(PINA.o)
 .debug_abbrev  0x0000105d       0x90 .\CortexM3\ARM_GCC_541\Debug\Design01.a(PINB.o)
 .debug_abbrev  0x000010ed       0x90 .\CortexM3\ARM_GCC_541\Debug\Design01.a(PINC.o)
 .debug_abbrev  0x0000117d       0x90 .\CortexM3\ARM_GCC_541\Debug\Design01.a(PIND.o)
 .debug_abbrev  0x0000120d      0x14e .\CortexM3\ARM_GCC_541\Debug\Design01.a(EEPROM.o)
 .debug_abbrev  0x0000135b      0x1ac .\CortexM3\ARM_GCC_541\Debug\Design01.a(ADC.o)
 .debug_abbrev  0x00001507       0x42 .\CortexM3\ARM_GCC_541\Debug\Design01.a(ADC_INT.o)
 .debug_abbrev  0x00001549       0x90 .\CortexM3\ARM_GCC_541\Debug\Design01.a(PINMOV.o)
 .debug_abbrev  0x000015d9      0x139 .\CortexM3\ARM_GCC_541\Debug\Design01.a(UART_IntClock.o)
 .debug_abbrev  0x00001712      0x121 .\CortexM3\ARM_GCC_541\Debug\Design01.a(ADC_theACLK.o)
 .debug_abbrev  0x00001833      0x1a7 .\CortexM3\ARM_GCC_541\Debug\Design01.a(CyFlash.o)
 .debug_abbrev  0x000019da      0x254 .\CortexM3\ARM_GCC_541\Debug\Design01.a(CyLib.o)
 .debug_abbrev  0x00001c2e      0x1ab .\CortexM3\ARM_GCC_541\Debug\Design01.a(cyPm.o)
 .debug_abbrev  0x00001dd9      0x194 .\CortexM3\ARM_GCC_541\Debug\Design01.a(CySpc.o)
 .debug_abbrev  0x00001f6d       0x90 .\CortexM3\ARM_GCC_541\Debug\Design01.a(Pin_A.o)
 .debug_abbrev  0x00001ffd      0x173 .\CortexM3\ARM_GCC_541\Debug\Design01.a(ISR_A.o)
 .debug_abbrev  0x00002170       0x14 .\CortexM3\ARM_GCC_541\Debug\Design01.a(CyBootAsmGnu.o)

.debug_line     0x00000000     0x33a9
 *(.debug_line)
 .debug_line    0x00000000      0x4e5 .\CortexM3\ARM_GCC_541\Debug\main.o
 .debug_line    0x000004e5      0x208 .\CortexM3\ARM_GCC_541\Debug\cyfitter_cfg.o
 .debug_line    0x000006ed      0x141 .\CortexM3\ARM_GCC_541\Debug\cymetadata.o
 .debug_line    0x0000082e      0x234 .\CortexM3\ARM_GCC_541\Debug\Cm3Start.o
 .debug_line    0x00000a62      0x2bc .\CortexM3\ARM_GCC_541\Debug\Design01.a(UART.o)
 .debug_line    0x00000d1e      0x1dc .\CortexM3\ARM_GCC_541\Debug\Design01.a(LCD.o)
 .debug_line    0x00000efa      0x132 .\CortexM3\ARM_GCC_541\Debug\Design01.a(IRQRX.o)
 .debug_line    0x0000102c       0xd9 .\CortexM3\ARM_GCC_541\Debug\Design01.a(I2C.o)
 .debug_line    0x00001105      0x114 .\CortexM3\ARM_GCC_541\Debug\Design01.a(I2C_INT.o)
 .debug_line    0x00001219       0xbb .\CortexM3\ARM_GCC_541\Debug\Design01.a(I2C_PM.o)
 .debug_line    0x000012d4      0x1fd .\CortexM3\ARM_GCC_541\Debug\Design01.a(I2C_MASTER.o)
 .debug_line    0x000014d1      0x1a7 .\CortexM3\ARM_GCC_541\Debug\Design01.a(PWM.o)
 .debug_line    0x00001678       0x91 .\CortexM3\ARM_GCC_541\Debug\Design01.a(PINA.o)
 .debug_line    0x00001709       0x91 .\CortexM3\ARM_GCC_541\Debug\Design01.a(PINB.o)
 .debug_line    0x0000179a       0x91 .\CortexM3\ARM_GCC_541\Debug\Design01.a(PINC.o)
 .debug_line    0x0000182b       0x91 .\CortexM3\ARM_GCC_541\Debug\Design01.a(PIND.o)
 .debug_line    0x000018bc      0x264 .\CortexM3\ARM_GCC_541\Debug\Design01.a(EEPROM.o)
 .debug_line    0x00001b20      0x216 .\CortexM3\ARM_GCC_541\Debug\Design01.a(ADC.o)
 .debug_line    0x00001d36       0x50 .\CortexM3\ARM_GCC_541\Debug\Design01.a(ADC_INT.o)
 .debug_line    0x00001d86       0xb7 .\CortexM3\ARM_GCC_541\Debug\Design01.a(PINMOV.o)
 .debug_line    0x00001e3d      0x17c .\CortexM3\ARM_GCC_541\Debug\Design01.a(UART_IntClock.o)
 .debug_line    0x00001fb9      0x19d .\CortexM3\ARM_GCC_541\Debug\Design01.a(ADC_theACLK.o)
 .debug_line    0x00002156      0x21a .\CortexM3\ARM_GCC_541\Debug\Design01.a(CyFlash.o)
 .debug_line    0x00002370      0x816 .\CortexM3\ARM_GCC_541\Debug\Design01.a(CyLib.o)
 .debug_line    0x00002b86      0x367 .\CortexM3\ARM_GCC_541\Debug\Design01.a(cyPm.o)
 .debug_line    0x00002eed      0x260 .\CortexM3\ARM_GCC_541\Debug\Design01.a(CySpc.o)
 .debug_line    0x0000314d       0xc4 .\CortexM3\ARM_GCC_541\Debug\Design01.a(Pin_A.o)
 .debug_line    0x00003211      0x132 .\CortexM3\ARM_GCC_541\Debug\Design01.a(ISR_A.o)
 .debug_line    0x00003343       0x66 .\CortexM3\ARM_GCC_541\Debug\Design01.a(CyBootAsmGnu.o)

.debug_frame    0x00000000     0x2500
 *(.debug_frame)
 .debug_frame   0x00000000      0x158 .\CortexM3\ARM_GCC_541\Debug\main.o
 .debug_frame   0x00000158       0xfc .\CortexM3\ARM_GCC_541\Debug\cyfitter_cfg.o
 .debug_frame   0x00000254       0xb8 .\CortexM3\ARM_GCC_541\Debug\Cm3Start.o
 .debug_frame   0x0000030c      0x250 .\CortexM3\ARM_GCC_541\Debug\Design01.a(UART.o)
 .debug_frame   0x0000055c      0x1e8 .\CortexM3\ARM_GCC_541\Debug\Design01.a(LCD.o)
 .debug_frame   0x00000744      0x104 .\CortexM3\ARM_GCC_541\Debug\Design01.a(IRQRX.o)
 .debug_frame   0x00000848       0x94 .\CortexM3\ARM_GCC_541\Debug\Design01.a(I2C.o)
 .debug_frame   0x000008dc       0x30 .\CortexM3\ARM_GCC_541\Debug\Design01.a(I2C_INT.o)
 .debug_frame   0x0000090c       0x74 .\CortexM3\ARM_GCC_541\Debug\Design01.a(I2C_PM.o)
 .debug_frame   0x00000980      0x138 .\CortexM3\ARM_GCC_541\Debug\Design01.a(I2C_MASTER.o)
 .debug_frame   0x00000ab8      0x154 .\CortexM3\ARM_GCC_541\Debug\Design01.a(PWM.o)
 .debug_frame   0x00000c0c       0x50 .\CortexM3\ARM_GCC_541\Debug\Design01.a(PINA.o)
 .debug_frame   0x00000c5c       0x50 .\CortexM3\ARM_GCC_541\Debug\Design01.a(PINB.o)
 .debug_frame   0x00000cac       0x50 .\CortexM3\ARM_GCC_541\Debug\Design01.a(PINC.o)
 .debug_frame   0x00000cfc       0x50 .\CortexM3\ARM_GCC_541\Debug\Design01.a(PIND.o)
 .debug_frame   0x00000d4c      0x17c .\CortexM3\ARM_GCC_541\Debug\Design01.a(EEPROM.o)
 .debug_frame   0x00000ec8      0x1b0 .\CortexM3\ARM_GCC_541\Debug\Design01.a(ADC.o)
 .debug_frame   0x00001078       0x20 .\CortexM3\ARM_GCC_541\Debug\Design01.a(ADC_INT.o)
 .debug_frame   0x00001098       0x70 .\CortexM3\ARM_GCC_541\Debug\Design01.a(PINMOV.o)
 .debug_frame   0x00001108       0xe0 .\CortexM3\ARM_GCC_541\Debug\Design01.a(UART_IntClock.o)
 .debug_frame   0x000011e8      0x100 .\CortexM3\ARM_GCC_541\Debug\Design01.a(ADC_theACLK.o)
 .debug_frame   0x000012e8      0x194 .\CortexM3\ARM_GCC_541\Debug\Design01.a(CyFlash.o)
 .debug_frame   0x0000147c      0x738 .\CortexM3\ARM_GCC_541\Debug\Design01.a(CyLib.o)
 .debug_frame   0x00001bb4      0x1f8 .\CortexM3\ARM_GCC_541\Debug\Design01.a(cyPm.o)
 .debug_frame   0x00001dac      0x180 .\CortexM3\ARM_GCC_541\Debug\Design01.a(CySpc.o)
 .debug_frame   0x00001f2c       0x70 .\CortexM3\ARM_GCC_541\Debug\Design01.a(Pin_A.o)
 .debug_frame   0x00001f9c      0x104 .\CortexM3\ARM_GCC_541\Debug\Design01.a(ISR_A.o)
 .debug_frame   0x000020a0       0x44 c:/program files (x86)/cypress/psoc creator/4.2/psoc creator/import/gnu/arm/5.4.1/bin/../lib/gcc/arm-none-eabi/5.4.1/armv7-m\libgcc.a(_aeabi_ldivmod.o)
 .debug_frame   0x000020e4       0x38 c:/program files (x86)/cypress/psoc creator/4.2/psoc creator/import/gnu/arm/5.4.1/bin/../lib/gcc/arm-none-eabi/5.4.1/armv7-m\libgcc.a(_udivmoddi4.o)
 .debug_frame   0x0000211c       0x20 c:/program files (x86)/cypress/psoc creator/4.2/psoc creator/import/gnu/arm/5.4.1/bin/../lib/gcc/arm-none-eabi/5.4.1/../../../../arm-none-eabi/lib/armv7-m\libg_nano.a(lib_a-errno.o)
 .debug_frame   0x0000213c       0x28 c:/program files (x86)/cypress/psoc creator/4.2/psoc creator/import/gnu/arm/5.4.1/bin/../lib/gcc/arm-none-eabi/5.4.1/../../../../arm-none-eabi/lib/armv7-m\libg_nano.a(lib_a-exit.o)
 .debug_frame   0x00002164       0x2c c:/program files (x86)/cypress/psoc creator/4.2/psoc creator/import/gnu/arm/5.4.1/bin/../lib/gcc/arm-none-eabi/5.4.1/../../../../arm-none-eabi/lib/armv7-m\libg_nano.a(lib_a-init.o)
 .debug_frame   0x00002190       0x28 c:/program files (x86)/cypress/psoc creator/4.2/psoc creator/import/gnu/arm/5.4.1/bin/../lib/gcc/arm-none-eabi/5.4.1/../../../../arm-none-eabi/lib/armv7-m\libg_nano.a(lib_a-memcpy-stub.o)
 .debug_frame   0x000021b8       0x20 c:/program files (x86)/cypress/psoc creator/4.2/psoc creator/import/gnu/arm/5.4.1/bin/../lib/gcc/arm-none-eabi/5.4.1/../../../../arm-none-eabi/lib/armv7-m\libg_nano.a(lib_a-memset.o)
 .debug_frame   0x000021d8       0x70 c:/program files (x86)/cypress/psoc creator/4.2/psoc creator/import/gnu/arm/5.4.1/bin/../lib/gcc/arm-none-eabi/5.4.1/../../../../arm-none-eabi/lib/armv7-m\libg_nano.a(lib_a-sprintf.o)
 .debug_frame   0x00002248       0x90 c:/program files (x86)/cypress/psoc creator/4.2/psoc creator/import/gnu/arm/5.4.1/bin/../lib/gcc/arm-none-eabi/5.4.1/../../../../arm-none-eabi/lib/armv7-m\libg_nano.a(lib_a-nano-svfprintf.o)
 .debug_frame   0x000022d8       0x60 c:/program files (x86)/cypress/psoc creator/4.2/psoc creator/import/gnu/arm/5.4.1/bin/../lib/gcc/arm-none-eabi/5.4.1/../../../../arm-none-eabi/lib/armv7-m\libg_nano.a(lib_a-nano-vfprintf_i.o)
 .debug_frame   0x00002338       0x28 c:/program files (x86)/cypress/psoc creator/4.2/psoc creator/import/gnu/arm/5.4.1/bin/../lib/gcc/arm-none-eabi/5.4.1/../../../../arm-none-eabi/lib/armv7-m\libg_nano.a(lib_a-memchr-stub.o)
 .debug_frame   0x00002360       0x28 c:/program files (x86)/cypress/psoc creator/4.2/psoc creator/import/gnu/arm/5.4.1/bin/../lib/gcc/arm-none-eabi/5.4.1/../../../../arm-none-eabi/lib/armv7-m\libg_nano.a(lib_a-memmove.o)
 .debug_frame   0x00002388       0x38 c:/program files (x86)/cypress/psoc creator/4.2/psoc creator/import/gnu/arm/5.4.1/bin/../lib/gcc/arm-none-eabi/5.4.1/../../../../arm-none-eabi/lib/armv7-m\libg_nano.a(lib_a-nano-freer.o)
 .debug_frame   0x000023c0       0x2c c:/program files (x86)/cypress/psoc creator/4.2/psoc creator/import/gnu/arm/5.4.1/bin/../lib/gcc/arm-none-eabi/5.4.1/../../../../arm-none-eabi/lib/armv7-m\libg_nano.a(lib_a-nano-mallocr.o)
 .debug_frame   0x000023ec       0x3c c:/program files (x86)/cypress/psoc creator/4.2/psoc creator/import/gnu/arm/5.4.1/bin/../lib/gcc/arm-none-eabi/5.4.1/../../../../arm-none-eabi/lib/armv7-m\libg_nano.a(lib_a-nano-reallocr.o)
 .debug_frame   0x00002428       0x2c c:/program files (x86)/cypress/psoc creator/4.2/psoc creator/import/gnu/arm/5.4.1/bin/../lib/gcc/arm-none-eabi/5.4.1/../../../../arm-none-eabi/lib/armv7-m\libg_nano.a(lib_a-sbrkr.o)
 .debug_frame   0x00002454       0x30 c:/program files (x86)/cypress/psoc creator/4.2/psoc creator/import/gnu/arm/5.4.1/bin/../lib/gcc/arm-none-eabi/5.4.1/../../../../arm-none-eabi/lib/armv7-m\libg_nano.a(lib_a-mlock.o)
 .debug_frame   0x00002484       0x20 c:/program files (x86)/cypress/psoc creator/4.2/psoc creator/import/gnu/arm/5.4.1/bin/../lib/gcc/arm-none-eabi/5.4.1/../../../../arm-none-eabi/lib/armv7-m\libg_nano.a(lib_a-nano-msizer.o)
 .debug_frame   0x000024a4       0x5c c:/program files (x86)/cypress/psoc creator/4.2/psoc creator/import/gnu/arm/5.4.1/bin/../lib/gcc/arm-none-eabi/5.4.1/../../../../arm-none-eabi/lib/armv7-m\libg_nano.a(lib_a-reent.o)

.debug_str      0x00000000     0x2717
 *(.debug_str)
 .debug_str     0x00000000      0x50d .\CortexM3\ARM_GCC_541\Debug\main.o
                                0x562 (size before relaxing)
 .debug_str     0x0000050d      0x1b2 .\CortexM3\ARM_GCC_541\Debug\cyfitter_cfg.o
                                0x357 (size before relaxing)
 .debug_str     0x000006bf       0x7f .\CortexM3\ARM_GCC_541\Debug\cymetadata.o
                                0x1ed (size before relaxing)
 .debug_str     0x0000073e      0x13f .\CortexM3\ARM_GCC_541\Debug\Cm3Start.o
                                0x313 (size before relaxing)
 .debug_str     0x0000087d      0x2a0 .\CortexM3\ARM_GCC_541\Debug\Design01.a(UART.o)
                                0x47e (size before relaxing)
 .debug_str     0x00000b1d      0x118 .\CortexM3\ARM_GCC_541\Debug\Design01.a(LCD.o)
                                0x334 (size before relaxing)
 .debug_str     0x00000c35       0xf0 .\CortexM3\ARM_GCC_541\Debug\Design01.a(IRQRX.o)
                                0x2af (size before relaxing)
 .debug_str     0x00000d25       0xf6 .\CortexM3\ARM_GCC_541\Debug\Design01.a(I2C.o)
                                0x2ea (size before relaxing)
 .debug_str     0x00000e1b       0x86 .\CortexM3\ARM_GCC_541\Debug\Design01.a(I2C_INT.o)
                                0x268 (size before relaxing)
 .debug_str     0x00000ea1       0x56 .\CortexM3\ARM_GCC_541\Debug\Design01.a(I2C_PM.o)
                                0x286 (size before relaxing)
 .debug_str     0x00000ef7      0x111 .\CortexM3\ARM_GCC_541\Debug\Design01.a(I2C_MASTER.o)
                                0x3ad (size before relaxing)
 .debug_str     0x00001008      0x167 .\CortexM3\ARM_GCC_541\Debug\Design01.a(PWM.o)
                                0x359 (size before relaxing)
 .debug_str     0x0000116f       0x4c .\CortexM3\ARM_GCC_541\Debug\Design01.a(PINA.o)
                                0x1e6 (size before relaxing)
 .debug_str     0x000011bb       0x41 .\CortexM3\ARM_GCC_541\Debug\Design01.a(PINB.o)
                                0x1e6 (size before relaxing)
 .debug_str     0x000011fc       0x41 .\CortexM3\ARM_GCC_541\Debug\Design01.a(PINC.o)
                                0x1e6 (size before relaxing)
 .debug_str     0x0000123d       0x41 .\CortexM3\ARM_GCC_541\Debug\Design01.a(PIND.o)
                                0x1e6 (size before relaxing)
 .debug_str     0x0000127e      0x1b0 .\CortexM3\ARM_GCC_541\Debug\Design01.a(EEPROM.o)
                                0x3cb (size before relaxing)
 .debug_str     0x0000142e      0x180 .\CortexM3\ARM_GCC_541\Debug\Design01.a(ADC.o)
                                0x430 (size before relaxing)
 .debug_str     0x000015ae       0x29 .\CortexM3\ARM_GCC_541\Debug\Design01.a(ADC_INT.o)
                                0x198 (size before relaxing)
 .debug_str     0x000015d7       0x81 .\CortexM3\ARM_GCC_541\Debug\Design01.a(PINMOV.o)
                                0x22e (size before relaxing)
 .debug_str     0x00001658      0x183 .\CortexM3\ARM_GCC_541\Debug\Design01.a(UART_IntClock.o)
                                0x33f (size before relaxing)
 .debug_str     0x000017db      0x16e .\CortexM3\ARM_GCC_541\Debug\Design01.a(ADC_theACLK.o)
                                0x36a (size before relaxing)
 .debug_str     0x00001949      0x135 .\CortexM3\ARM_GCC_541\Debug\Design01.a(CyFlash.o)
                                0x3c9 (size before relaxing)
 .debug_str     0x00001a7e      0x79d .\CortexM3\ARM_GCC_541\Debug\Design01.a(CyLib.o)
                                0xa50 (size before relaxing)
 .debug_str     0x0000221b      0x34f .\CortexM3\ARM_GCC_541\Debug\Design01.a(cyPm.o)
                                0x73c (size before relaxing)
 .debug_str     0x0000256a       0x6e .\CortexM3\ARM_GCC_541\Debug\Design01.a(CySpc.o)
                                0x341 (size before relaxing)
 .debug_str     0x000025d8       0x67 .\CortexM3\ARM_GCC_541\Debug\Design01.a(Pin_A.o)
                                0x227 (size before relaxing)
 .debug_str     0x0000263f       0xd8 .\CortexM3\ARM_GCC_541\Debug\Design01.a(ISR_A.o)
                                0x2af (size before relaxing)

.debug_loc      0x00000000     0x3d67
 *(.debug_loc)
 .debug_loc     0x00000000      0xa78 .\CortexM3\ARM_GCC_541\Debug\main.o
 .debug_loc     0x00000a78      0x2ae .\CortexM3\ARM_GCC_541\Debug\cyfitter_cfg.o
 .debug_loc     0x00000d26      0x144 .\CortexM3\ARM_GCC_541\Debug\Cm3Start.o
 .debug_loc     0x00000e6a      0x258 .\CortexM3\ARM_GCC_541\Debug\Design01.a(UART.o)
 .debug_loc     0x000010c2      0x3c6 .\CortexM3\ARM_GCC_541\Debug\Design01.a(LCD.o)
 .debug_loc     0x00001488       0x56 .\CortexM3\ARM_GCC_541\Debug\Design01.a(IRQRX.o)
 .debug_loc     0x000014de       0x39 .\CortexM3\ARM_GCC_541\Debug\Design01.a(I2C.o)
 .debug_loc     0x00001517       0x29 .\CortexM3\ARM_GCC_541\Debug\Design01.a(I2C_INT.o)
 .debug_loc     0x00001540       0x13 .\CortexM3\ARM_GCC_541\Debug\Design01.a(I2C_PM.o)
 .debug_loc     0x00001553      0x52f .\CortexM3\ARM_GCC_541\Debug\Design01.a(I2C_MASTER.o)
 .debug_loc     0x00001a82       0x26 .\CortexM3\ARM_GCC_541\Debug\Design01.a(PWM.o)
 .debug_loc     0x00001aa8       0x42 .\CortexM3\ARM_GCC_541\Debug\Design01.a(PINA.o)
 .debug_loc     0x00001aea       0x42 .\CortexM3\ARM_GCC_541\Debug\Design01.a(PINB.o)
 .debug_loc     0x00001b2c       0x42 .\CortexM3\ARM_GCC_541\Debug\Design01.a(PINC.o)
 .debug_loc     0x00001b6e       0x42 .\CortexM3\ARM_GCC_541\Debug\Design01.a(PIND.o)
 .debug_loc     0x00001bb0      0x49f .\CortexM3\ARM_GCC_541\Debug\Design01.a(EEPROM.o)
 .debug_loc     0x0000204f      0x295 .\CortexM3\ARM_GCC_541\Debug\Design01.a(ADC.o)
 .debug_loc     0x000022e4       0x84 .\CortexM3\ARM_GCC_541\Debug\Design01.a(PINMOV.o)
 .debug_loc     0x00002368      0x12c .\CortexM3\ARM_GCC_541\Debug\Design01.a(UART_IntClock.o)
 .debug_loc     0x00002494      0x14d .\CortexM3\ARM_GCC_541\Debug\Design01.a(ADC_theACLK.o)
 .debug_loc     0x000025e1      0x3b2 .\CortexM3\ARM_GCC_541\Debug\Design01.a(CyFlash.o)
 .debug_loc     0x00002993      0xa11 .\CortexM3\ARM_GCC_541\Debug\Design01.a(CyLib.o)
 .debug_loc     0x000033a4      0x1e4 .\CortexM3\ARM_GCC_541\Debug\Design01.a(cyPm.o)
 .debug_loc     0x00003588      0x705 .\CortexM3\ARM_GCC_541\Debug\Design01.a(CySpc.o)
 .debug_loc     0x00003c8d       0x84 .\CortexM3\ARM_GCC_541\Debug\Design01.a(Pin_A.o)
 .debug_loc     0x00003d11       0x56 .\CortexM3\ARM_GCC_541\Debug\Design01.a(ISR_A.o)

.debug_macinfo
 *(.debug_macinfo)

.debug_ranges   0x00000000      0xb80
 *(.debug_ranges)
 .debug_ranges  0x00000000       0x60 .\CortexM3\ARM_GCC_541\Debug\main.o
 .debug_ranges  0x00000060       0x48 .\CortexM3\ARM_GCC_541\Debug\cyfitter_cfg.o
 .debug_ranges  0x000000a8       0x38 .\CortexM3\ARM_GCC_541\Debug\Cm3Start.o
 .debug_ranges  0x000000e0       0xe0 .\CortexM3\ARM_GCC_541\Debug\Design01.a(UART.o)
 .debug_ranges  0x000001c0       0x88 .\CortexM3\ARM_GCC_541\Debug\Design01.a(LCD.o)
 .debug_ranges  0x00000248       0x70 .\CortexM3\ARM_GCC_541\Debug\Design01.a(IRQRX.o)
 .debug_ranges  0x000002b8       0x28 .\CortexM3\ARM_GCC_541\Debug\Design01.a(I2C.o)
 .debug_ranges  0x000002e0       0x10 .\CortexM3\ARM_GCC_541\Debug\Design01.a(I2C_INT.o)
 .debug_ranges  0x000002f0       0x28 .\CortexM3\ARM_GCC_541\Debug\Design01.a(I2C_PM.o)
 .debug_ranges  0x00000318       0x70 .\CortexM3\ARM_GCC_541\Debug\Design01.a(I2C_MASTER.o)
 .debug_ranges  0x00000388       0x98 .\CortexM3\ARM_GCC_541\Debug\Design01.a(PWM.o)
 .debug_ranges  0x00000420       0x28 .\CortexM3\ARM_GCC_541\Debug\Design01.a(PINA.o)
 .debug_ranges  0x00000448       0x28 .\CortexM3\ARM_GCC_541\Debug\Design01.a(PINB.o)
 .debug_ranges  0x00000470       0x28 .\CortexM3\ARM_GCC_541\Debug\Design01.a(PINC.o)
 .debug_ranges  0x00000498       0x28 .\CortexM3\ARM_GCC_541\Debug\Design01.a(PIND.o)
 .debug_ranges  0x000004c0       0x68 .\CortexM3\ARM_GCC_541\Debug\Design01.a(EEPROM.o)
 .debug_ranges  0x00000528       0x98 .\CortexM3\ARM_GCC_541\Debug\Design01.a(ADC.o)
 .debug_ranges  0x000005c0       0x10 .\CortexM3\ARM_GCC_541\Debug\Design01.a(ADC_INT.o)
 .debug_ranges  0x000005d0       0x38 .\CortexM3\ARM_GCC_541\Debug\Design01.a(PINMOV.o)
 .debug_ranges  0x00000608       0x60 .\CortexM3\ARM_GCC_541\Debug\Design01.a(UART_IntClock.o)
 .debug_ranges  0x00000668       0x70 .\CortexM3\ARM_GCC_541\Debug\Design01.a(ADC_theACLK.o)
 .debug_ranges  0x000006d8       0x78 .\CortexM3\ARM_GCC_541\Debug\Design01.a(CyFlash.o)
 .debug_ranges  0x00000750      0x290 .\CortexM3\ARM_GCC_541\Debug\Design01.a(CyLib.o)
 .debug_ranges  0x000009e0       0x88 .\CortexM3\ARM_GCC_541\Debug\Design01.a(cyPm.o)
 .debug_ranges  0x00000a68       0x70 .\CortexM3\ARM_GCC_541\Debug\Design01.a(CySpc.o)
 .debug_ranges  0x00000ad8       0x38 .\CortexM3\ARM_GCC_541\Debug\Design01.a(Pin_A.o)
 .debug_ranges  0x00000b10       0x70 .\CortexM3\ARM_GCC_541\Debug\Design01.a(ISR_A.o)

.comment        0x00000000       0x6e
 .comment       0x00000000       0x6e .\CortexM3\ARM_GCC_541\Debug\main.o
                                 0x6f (size before relaxing)
 .comment       0x0000006e       0x6f .\CortexM3\ARM_GCC_541\Debug\cyfitter_cfg.o
 .comment       0x0000006e       0x6f .\CortexM3\ARM_GCC_541\Debug\cymetadata.o
 .comment       0x0000006e       0x6f .\CortexM3\ARM_GCC_541\Debug\Cm3Start.o
 .comment       0x0000006e       0x6f .\CortexM3\ARM_GCC_541\Debug\Design01.a(UART.o)
 .comment       0x0000006e       0x6f .\CortexM3\ARM_GCC_541\Debug\Design01.a(LCD.o)
 .comment       0x0000006e       0x6f .\CortexM3\ARM_GCC_541\Debug\Design01.a(IRQRX.o)
 .comment       0x0000006e       0x6f .\CortexM3\ARM_GCC_541\Debug\Design01.a(I2C.o)
 .comment       0x0000006e       0x6f .\CortexM3\ARM_GCC_541\Debug\Design01.a(I2C_INT.o)
 .comment       0x0000006e       0x6f .\CortexM3\ARM_GCC_541\Debug\Design01.a(I2C_PM.o)
 .comment       0x0000006e       0x6f .\CortexM3\ARM_GCC_541\Debug\Design01.a(I2C_MASTER.o)
 .comment       0x0000006e       0x6f .\CortexM3\ARM_GCC_541\Debug\Design01.a(PWM.o)
 .comment       0x0000006e       0x6f .\CortexM3\ARM_GCC_541\Debug\Design01.a(PINA.o)
 .comment       0x0000006e       0x6f .\CortexM3\ARM_GCC_541\Debug\Design01.a(PINB.o)
 .comment       0x0000006e       0x6f .\CortexM3\ARM_GCC_541\Debug\Design01.a(PINC.o)
 .comment       0x0000006e       0x6f .\CortexM3\ARM_GCC_541\Debug\Design01.a(PIND.o)
 .comment       0x0000006e       0x6f .\CortexM3\ARM_GCC_541\Debug\Design01.a(EEPROM.o)
 .comment       0x0000006e       0x6f .\CortexM3\ARM_GCC_541\Debug\Design01.a(ADC.o)
 .comment       0x0000006e       0x6f .\CortexM3\ARM_GCC_541\Debug\Design01.a(ADC_INT.o)
 .comment       0x0000006e       0x6f .\CortexM3\ARM_GCC_541\Debug\Design01.a(PINMOV.o)
 .comment       0x0000006e       0x6f .\CortexM3\ARM_GCC_541\Debug\Design01.a(UART_IntClock.o)
 .comment       0x0000006e       0x6f .\CortexM3\ARM_GCC_541\Debug\Design01.a(ADC_theACLK.o)
 .comment       0x0000006e       0x6f .\CortexM3\ARM_GCC_541\Debug\Design01.a(CyFlash.o)
 .comment       0x0000006e       0x6f .\CortexM3\ARM_GCC_541\Debug\Design01.a(CyLib.o)
 .comment       0x0000006e       0x6f .\CortexM3\ARM_GCC_541\Debug\Design01.a(cyPm.o)
 .comment       0x0000006e       0x6f .\CortexM3\ARM_GCC_541\Debug\Design01.a(CySpc.o)
 .comment       0x0000006e       0x6f .\CortexM3\ARM_GCC_541\Debug\Design01.a(Pin_A.o)
 .comment       0x0000006e       0x6f .\CortexM3\ARM_GCC_541\Debug\Design01.a(ISR_A.o)

.debug_weaknames
 *(.debug_weaknames)

.debug_funcnames
 *(.debug_funcnames)

.debug_typenames
 *(.debug_typenames)

.debug_varnames
 *(.debug_varnames)

.note.gnu.arm.ident
 *(.note.gnu.arm.ident)

.ARM.attributes
                0x00000000       0x29
 *(.ARM.attributes)
 .ARM.attributes
                0x00000000       0x1d c:/program files (x86)/cypress/psoc creator/4.2/psoc creator/import/gnu/arm/5.4.1/bin/../lib/gcc/arm-none-eabi/5.4.1/armv7-m/crti.o
 .ARM.attributes
                0x0000001d       0x2d c:/program files (x86)/cypress/psoc creator/4.2/psoc creator/import/gnu/arm/5.4.1/bin/../lib/gcc/arm-none-eabi/5.4.1/armv7-m/crtbegin.o
 .ARM.attributes
                0x0000004a       0x1b c:/program files (x86)/cypress/psoc creator/4.2/psoc creator/import/gnu/arm/5.4.1/bin/../lib/gcc/arm-none-eabi/5.4.1/../../../../arm-none-eabi/lib/armv7-m/crt0.o
 .ARM.attributes
                0x00000065       0x33 .\CortexM3\ARM_GCC_541\Debug\main.o
 .ARM.attributes
                0x00000098       0x33 .\CortexM3\ARM_GCC_541\Debug\cyfitter_cfg.o
 .ARM.attributes
                0x000000cb       0x33 .\CortexM3\ARM_GCC_541\Debug\cymetadata.o
 .ARM.attributes
                0x000000fe       0x33 .\CortexM3\ARM_GCC_541\Debug\Cm3Start.o
 .ARM.attributes
                0x00000131       0x33 .\CortexM3\ARM_GCC_541\Debug\Design01.a(UART.o)
 .ARM.attributes
                0x00000164       0x33 .\CortexM3\ARM_GCC_541\Debug\Design01.a(LCD.o)
 .ARM.attributes
                0x00000197       0x33 .\CortexM3\ARM_GCC_541\Debug\Design01.a(IRQRX.o)
 .ARM.attributes
                0x000001ca       0x33 .\CortexM3\ARM_GCC_541\Debug\Design01.a(I2C.o)
 .ARM.attributes
                0x000001fd       0x33 .\CortexM3\ARM_GCC_541\Debug\Design01.a(I2C_INT.o)
 .ARM.attributes
                0x00000230       0x33 .\CortexM3\ARM_GCC_541\Debug\Design01.a(I2C_PM.o)
 .ARM.attributes
                0x00000263       0x33 .\CortexM3\ARM_GCC_541\Debug\Design01.a(I2C_MASTER.o)
 .ARM.attributes
                0x00000296       0x33 .\CortexM3\ARM_GCC_541\Debug\Design01.a(PWM.o)
 .ARM.attributes
                0x000002c9       0x33 .\CortexM3\ARM_GCC_541\Debug\Design01.a(PINA.o)
 .ARM.attributes
                0x000002fc       0x33 .\CortexM3\ARM_GCC_541\Debug\Design01.a(PINB.o)
 .ARM.attributes
                0x0000032f       0x33 .\CortexM3\ARM_GCC_541\Debug\Design01.a(PINC.o)
 .ARM.attributes
                0x00000362       0x33 .\CortexM3\ARM_GCC_541\Debug\Design01.a(PIND.o)
 .ARM.attributes
                0x00000395       0x33 .\CortexM3\ARM_GCC_541\Debug\Design01.a(EEPROM.o)
 .ARM.attributes
                0x000003c8       0x33 .\CortexM3\ARM_GCC_541\Debug\Design01.a(ADC.o)
 .ARM.attributes
                0x000003fb       0x33 .\CortexM3\ARM_GCC_541\Debug\Design01.a(ADC_INT.o)
 .ARM.attributes
                0x0000042e       0x33 .\CortexM3\ARM_GCC_541\Debug\Design01.a(PINMOV.o)
 .ARM.attributes
                0x00000461       0x33 .\CortexM3\ARM_GCC_541\Debug\Design01.a(UART_IntClock.o)
 .ARM.attributes
                0x00000494       0x33 .\CortexM3\ARM_GCC_541\Debug\Design01.a(ADC_theACLK.o)
 .ARM.attributes
                0x000004c7       0x33 .\CortexM3\ARM_GCC_541\Debug\Design01.a(CyFlash.o)
 .ARM.attributes
                0x000004fa       0x33 .\CortexM3\ARM_GCC_541\Debug\Design01.a(CyLib.o)
 .ARM.attributes
                0x0000052d       0x33 .\CortexM3\ARM_GCC_541\Debug\Design01.a(cyPm.o)
 .ARM.attributes
                0x00000560       0x33 .\CortexM3\ARM_GCC_541\Debug\Design01.a(CySpc.o)
 .ARM.attributes
                0x00000593       0x33 .\CortexM3\ARM_GCC_541\Debug\Design01.a(Pin_A.o)
 .ARM.attributes
                0x000005c6       0x33 .\CortexM3\ARM_GCC_541\Debug\Design01.a(ISR_A.o)
 .ARM.attributes
                0x000005f9       0x21 .\CortexM3\ARM_GCC_541\Debug\Design01.a(CyBootAsmGnu.o)
 .ARM.attributes
                0x0000061a       0x1d c:/program files (x86)/cypress/psoc creator/4.2/psoc creator/import/gnu/arm/5.4.1/bin/../lib/gcc/arm-none-eabi/5.4.1/armv7-m\libgcc.a(_arm_addsubsf3.o)
 .ARM.attributes
                0x00000637       0x1d c:/program files (x86)/cypress/psoc creator/4.2/psoc creator/import/gnu/arm/5.4.1/bin/../lib/gcc/arm-none-eabi/5.4.1/armv7-m\libgcc.a(_arm_muldivsf3.o)
 .ARM.attributes
                0x00000654       0x1d c:/program files (x86)/cypress/psoc creator/4.2/psoc creator/import/gnu/arm/5.4.1/bin/../lib/gcc/arm-none-eabi/5.4.1/armv7-m\libgcc.a(_aeabi_ldivmod.o)
 .ARM.attributes
                0x00000671       0x2d c:/program files (x86)/cypress/psoc creator/4.2/psoc creator/import/gnu/arm/5.4.1/bin/../lib/gcc/arm-none-eabi/5.4.1/armv7-m\libgcc.a(_udivmoddi4.o)
 .ARM.attributes
                0x0000069e       0x1d c:/program files (x86)/cypress/psoc creator/4.2/psoc creator/import/gnu/arm/5.4.1/bin/../lib/gcc/arm-none-eabi/5.4.1/armv7-m\libgcc.a(_dvmd_tls.o)
 .ARM.attributes
                0x000006bb       0x2d c:/program files (x86)/cypress/psoc creator/4.2/psoc creator/import/gnu/arm/5.4.1/bin/../lib/gcc/arm-none-eabi/5.4.1/../../../../arm-none-eabi/lib/armv7-m\libg_nano.a(lib_a-errno.o)
 .ARM.attributes
                0x000006e8       0x2d c:/program files (x86)/cypress/psoc creator/4.2/psoc creator/import/gnu/arm/5.4.1/bin/../lib/gcc/arm-none-eabi/5.4.1/../../../../arm-none-eabi/lib/armv7-m\libg_nano.a(lib_a-exit.o)
 .ARM.attributes
                0x00000715       0x2d c:/program files (x86)/cypress/psoc creator/4.2/psoc creator/import/gnu/arm/5.4.1/bin/../lib/gcc/arm-none-eabi/5.4.1/../../../../arm-none-eabi/lib/armv7-m\libg_nano.a(lib_a-impure.o)
 .ARM.attributes
                0x00000742       0x2d c:/program files (x86)/cypress/psoc creator/4.2/psoc creator/import/gnu/arm/5.4.1/bin/../lib/gcc/arm-none-eabi/5.4.1/../../../../arm-none-eabi/lib/armv7-m\libg_nano.a(lib_a-init.o)
 .ARM.attributes
                0x0000076f       0x2d c:/program files (x86)/cypress/psoc creator/4.2/psoc creator/import/gnu/arm/5.4.1/bin/../lib/gcc/arm-none-eabi/5.4.1/../../../../arm-none-eabi/lib/armv7-m\libg_nano.a(lib_a-memcpy-stub.o)
 .ARM.attributes
                0x0000079c       0x2d c:/program files (x86)/cypress/psoc creator/4.2/psoc creator/import/gnu/arm/5.4.1/bin/../lib/gcc/arm-none-eabi/5.4.1/../../../../arm-none-eabi/lib/armv7-m\libg_nano.a(lib_a-memset.o)
 .ARM.attributes
                0x000007c9       0x2d c:/program files (x86)/cypress/psoc creator/4.2/psoc creator/import/gnu/arm/5.4.1/bin/../lib/gcc/arm-none-eabi/5.4.1/../../../../arm-none-eabi/lib/armv7-m\libg_nano.a(lib_a-sprintf.o)
 .ARM.attributes
                0x000007f6       0x2d c:/program files (x86)/cypress/psoc creator/4.2/psoc creator/import/gnu/arm/5.4.1/bin/../lib/gcc/arm-none-eabi/5.4.1/../../../../arm-none-eabi/lib/armv7-m\libg_nano.a(lib_a-nano-svfprintf.o)
 .ARM.attributes
                0x00000823       0x2d c:/program files (x86)/cypress/psoc creator/4.2/psoc creator/import/gnu/arm/5.4.1/bin/../lib/gcc/arm-none-eabi/5.4.1/../../../../arm-none-eabi/lib/armv7-m\libg_nano.a(lib_a-nano-vfprintf_i.o)
 .ARM.attributes
                0x00000850       0x2d c:/program files (x86)/cypress/psoc creator/4.2/psoc creator/import/gnu/arm/5.4.1/bin/../lib/gcc/arm-none-eabi/5.4.1/../../../../arm-none-eabi/lib/armv7-m\libg_nano.a(lib_a-memchr-stub.o)
 .ARM.attributes
                0x0000087d       0x2d c:/program files (x86)/cypress/psoc creator/4.2/psoc creator/import/gnu/arm/5.4.1/bin/../lib/gcc/arm-none-eabi/5.4.1/../../../../arm-none-eabi/lib/armv7-m\libg_nano.a(lib_a-memmove.o)
 .ARM.attributes
                0x000008aa       0x2d c:/program files (x86)/cypress/psoc creator/4.2/psoc creator/import/gnu/arm/5.4.1/bin/../lib/gcc/arm-none-eabi/5.4.1/../../../../arm-none-eabi/lib/armv7-m\libg_nano.a(lib_a-nano-freer.o)
 .ARM.attributes
                0x000008d7       0x2d c:/program files (x86)/cypress/psoc creator/4.2/psoc creator/import/gnu/arm/5.4.1/bin/../lib/gcc/arm-none-eabi/5.4.1/../../../../arm-none-eabi/lib/armv7-m\libg_nano.a(lib_a-nano-mallocr.o)
 .ARM.attributes
                0x00000904       0x2d c:/program files (x86)/cypress/psoc creator/4.2/psoc creator/import/gnu/arm/5.4.1/bin/../lib/gcc/arm-none-eabi/5.4.1/../../../../arm-none-eabi/lib/armv7-m\libg_nano.a(lib_a-nano-reallocr.o)
 .ARM.attributes
                0x00000931       0x2d c:/program files (x86)/cypress/psoc creator/4.2/psoc creator/import/gnu/arm/5.4.1/bin/../lib/gcc/arm-none-eabi/5.4.1/../../../../arm-none-eabi/lib/armv7-m\libg_nano.a(lib_a-sbrkr.o)
 .ARM.attributes
                0x0000095e       0x2d c:/program files (x86)/cypress/psoc creator/4.2/psoc creator/import/gnu/arm/5.4.1/bin/../lib/gcc/arm-none-eabi/5.4.1/../../../../arm-none-eabi/lib/armv7-m\libg_nano.a(lib_a-mlock.o)
 .ARM.attributes
                0x0000098b       0x2d c:/program files (x86)/cypress/psoc creator/4.2/psoc creator/import/gnu/arm/5.4.1/bin/../lib/gcc/arm-none-eabi/5.4.1/../../../../arm-none-eabi/lib/armv7-m\libg_nano.a(lib_a-nano-msizer.o)
 .ARM.attributes
                0x000009b8       0x2d c:/program files (x86)/cypress/psoc creator/4.2/psoc creator/import/gnu/arm/5.4.1/bin/../lib/gcc/arm-none-eabi/5.4.1/../../../../arm-none-eabi/lib/armv7-m\libg_nano.a(lib_a-reent.o)
 .ARM.attributes
                0x000009e5       0x2d c:/program files (x86)/cypress/psoc creator/4.2/psoc creator/import/gnu/arm/5.4.1/bin/../lib/gcc/arm-none-eabi/5.4.1/armv7-m/crtend.o
 .ARM.attributes
                0x00000a12       0x1d c:/program files (x86)/cypress/psoc creator/4.2/psoc creator/import/gnu/arm/5.4.1/bin/../lib/gcc/arm-none-eabi/5.4.1/armv7-m/crtn.o

/DISCARD/
 *(.note.GNU-stack)
OUTPUT(C:\Users\jefer\OneDrive\Documentos\PSoC Creator\Workspace01\Design01.cydsn\CortexM3\ARM_GCC_541\Debug\Design01.elf elf32-littlearm)
